Component: ARM Compiler 5.06 update 7 (build 960) Tool: armlink [4d3601]

==============================================================================

Section Cross References

    system_py32f0xx.o(i.$Sub$$main) refers to main.o(i.main) for $Super$$main
    system_py32f0xx.o(i.$Sub$$main) refers to system_py32f0xx.o(.ARM.__at_0x20000000) for .ARM.__at_0x20000000
    system_py32f0xx.o(i.SystemCoreClockUpdate) refers to uidiv.o(.text) for __aeabi_uidivmod
    system_py32f0xx.o(i.SystemCoreClockUpdate) refers to system_py32f0xx.o(.data) for .data
    system_py32f0xx.o(i.SystemCoreClockUpdate) refers to system_py32f0xx.o(.constdata) for .constdata
    startup_py32f002xx.o(RESET) refers to startup_py32f002xx.o(STACK) for __initial_sp
    startup_py32f002xx.o(RESET) refers to startup_py32f002xx.o(.text) for Reset_Handler
    startup_py32f002xx.o(RESET) refers to py32f0xx_it.o(i.NMI_Handler) for NMI_Handler
    startup_py32f002xx.o(RESET) refers to py32f0xx_it.o(i.HardFault_Handler) for HardFault_Handler
    startup_py32f002xx.o(RESET) refers to py32f0xx_it.o(i.SVC_Handler) for SVC_Handler
    startup_py32f002xx.o(RESET) refers to py32f0xx_it.o(i.PendSV_Handler) for PendSV_Handler
    startup_py32f002xx.o(RESET) refers to py32f0xx_it.o(i.SysTick_Handler) for SysTick_Handler
    startup_py32f002xx.o(RESET) refers to py32f0xx_it.o(i.TIM1_BRK_UP_TRG_COM_IRQHandler) for TIM1_BRK_UP_TRG_COM_IRQHandler
    startup_py32f002xx.o(RESET) refers to py32f0xx_it.o(i.TIM16_IRQHandler) for TIM16_IRQHandler
    startup_py32f002xx.o(RESET) refers to py32f0xx_it.o(i.USART1_IRQHandler) for USART1_IRQHandler
    startup_py32f002xx.o(.text) refers to system_py32f0xx.o(i.SystemInit) for SystemInit
    startup_py32f002xx.o(.text) refers to entry.o(.ARM.Collect$$$$00000000) for __main
    main.o(i.main) refers to py32f0xx_hal.o(i.HAL_Init) for HAL_Init
    main.o(i.main) refers to bspdriver_sysclk.o(i.APP_SystemClockConfig) for APP_SystemClockConfig
    main.o(i.main) refers to py32f0xx_hal.o(i.HAL_Delay) for HAL_Delay
    main.o(i.main) refers to bspdriver_gpio.o(i.APP_GPIOConfig) for APP_GPIOConfig
    main.o(i.main) refers to bspdriver_timer16.o(i.APP_TIM16Config) for APP_TIM16Config
    main.o(i.main) refers to bspdriver_usart.o(i.APP_USART1Config) for APP_USART1Config
    main.o(i.main) refers to bspdriver_timer1.o(i.APP_TIM1_PWM_Config) for APP_TIM1_PWM_Config
    main.o(i.main) refers to bspdriver_timer1.o(i.Tim1PwmDutySetChan1) for Tim1PwmDutySetChan1
    main.o(i.main) refers to bspdriver_timer1.o(i.Tim1PwmDutySetChan3) for Tim1PwmDutySetChan3
    main.o(i.main) refers to bspdriver_timer1.o(i.Tim1PwmDutySetChan2) for Tim1PwmDutySetChan2
    main.o(i.main) refers to memseta.o(.text) for __aeabi_memclr
    main.o(i.main) refers to eeprom.o(i.UserSetInit) for UserSetInit
    main.o(i.main) refers to timer.o(i.UserTimer1ms) for UserTimer1ms
    main.o(i.main) refers to timer.o(i.UserTimer5ms) for UserTimer5ms
    main.o(i.main) refers to timer.o(i.UserTimer100ms) for UserTimer100ms
    main.o(i.main) refers to ledfunc.o(i.LED_FunctionMode) for LED_FunctionMode
    main.o(i.main) refers to timer.o(.bss) for Timer
    main.o(i.main) refers to ledfunc.o(.bss) for LED
    main.o(i.main) refers to keyfunc.o(.data) for Key
    main.o(i.main) refers to nixitetube.o(.data) for NixieTube
    py32f0xx_hal_msp.o(i.HAL_TIM_Base_MspInit) refers to py32f0xx_hal_cortex.o(i.HAL_NVIC_SetPriority) for HAL_NVIC_SetPriority
    py32f0xx_hal_msp.o(i.HAL_TIM_Base_MspInit) refers to py32f0xx_hal_cortex.o(i.HAL_NVIC_EnableIRQ) for HAL_NVIC_EnableIRQ
    py32f0xx_hal_msp.o(i.HAL_UART_MspInit) refers to py32f0xx_hal_cortex.o(i.HAL_NVIC_SetPriority) for HAL_NVIC_SetPriority
    py32f0xx_hal_msp.o(i.HAL_UART_MspInit) refers to py32f0xx_hal_cortex.o(i.HAL_NVIC_EnableIRQ) for HAL_NVIC_EnableIRQ
    py32f0xx_it.o(i.SysTick_Handler) refers to py32f0xx_hal.o(i.HAL_IncTick) for HAL_IncTick
    py32f0xx_it.o(i.TIM16_IRQHandler) refers to py32f0xx_hal_tim.o(i.HAL_TIM_IRQHandler) for HAL_TIM_IRQHandler
    py32f0xx_it.o(i.TIM16_IRQHandler) refers to bspdriver_timer16.o(.bss) for TimHandle_tim16
    py32f0xx_it.o(i.TIM16_IRQHandler) refers to timer.o(.bss) for Timer
    py32f0xx_it.o(i.TIM1_BRK_UP_TRG_COM_IRQHandler) refers to bspdriver_timer1.o(i.Tim1PwmDutySetChan1) for Tim1PwmDutySetChan1
    py32f0xx_it.o(i.TIM1_BRK_UP_TRG_COM_IRQHandler) refers to bspdriver_timer1.o(i.Tim1PwmDutySetChan3) for Tim1PwmDutySetChan3
    py32f0xx_it.o(i.TIM1_BRK_UP_TRG_COM_IRQHandler) refers to bspdriver_timer1.o(i.Tim1PwmDutySetChan2) for Tim1PwmDutySetChan2
    py32f0xx_it.o(i.TIM1_BRK_UP_TRG_COM_IRQHandler) refers to ledfunc.o(.bss) for LED
    py32f0xx_it.o(i.TIM1_BRK_UP_TRG_COM_IRQHandler) refers to py32f0xx_it.o(.data) for .data
    py32f0xx_it.o(i.USART1_IRQHandler) refers to py32f0xx_hal_uart.o(i.HAL_UART_IRQHandler) for HAL_UART_IRQHandler
    py32f0xx_it.o(i.USART1_IRQHandler) refers to bspdriver_usart.o(.bss) for UartHandle_Uart1
[...]
    ../fplib/microlib/fpflt.c                0x00000000   Number         0  ffltui.o ABSOLUTE
    ../fplib/microlib/fpmul.c                0x00000000   Number         0  fmul.o ABSOLUTE
    ..\BspDriver\GPIO\BspDriver_GPIO.c       0x00000000   Number         0  bspdriver_gpio.o ABSOLUTE
    ..\BspDriver\IWDG\BspDriver_IWDG.c       0x00000000   Number         0  bspdriver_iwdg.o ABSOLUTE
    ..\BspDriver\SysClock\BspDriver_SysClk.c 0x00000000   Number         0  bspdriver_sysclk.o ABSOLUTE
    ..\BspDriver\Timer\BspDriver_Timer1.c    0x00000000   Number         0  bspdriver_timer1.o ABSOLUTE
    ..\BspDriver\Timer\BspDriver_Timer16.c   0x00000000   Number         0  bspdriver_timer16.o ABSOLUTE
    ..\BspDriver\Usart\BspDriver_Usart.c     0x00000000   Number         0  bspdriver_usart.o ABSOLUTE
    ..\Drivers\PY32F0xx_HAL_Driver\Src\py32f0xx_hal.c 0x00000000   Number         0  py32f0xx_hal.o ABSOLUTE
    ..\Drivers\PY32F0xx_HAL_Driver\Src\py32f0xx_hal_adc.c 0x00000000   Number         0  py32f0xx_hal_adc.o ABSOLUTE
    ..\Drivers\PY32F0xx_HAL_Driver\Src\py32f0xx_hal_adc_ex.c 0x00000000   Number         0  py32f0xx_hal_adc_ex.o ABSOLUTE
    ..\Drivers\PY32F0xx_HAL_Driver\Src\py32f0xx_hal_comp.c 0x00000000   Number         0  py32f0xx_hal_comp.o ABSOLUTE
    ..\Drivers\PY32F0xx_HAL_Driver\Src\py32f0xx_hal_cortex.c 0x00000000   Number         0  py32f0xx_hal_cortex.o ABSOLUTE
    ..\Drivers\PY32F0xx_HAL_Driver\Src\py32f0xx_hal_crc.c 0x00000000   Number         0  py32f0xx_hal_crc.o ABSOLUTE
    ..\Drivers\PY32F0xx_HAL_Driver\Src\py32f0xx_hal_dma.c 0x00000000   Number         0  py32f0xx_hal_dma.o ABSOLUTE
    ..\Drivers\PY32F0xx_HAL_Driver\Src\py32f0xx_hal_exti.c 0x00000000   Number         0  py32f0xx_hal_exti.o ABSOLUTE
    ..\Drivers\PY32F0xx_HAL_Driver\Src\py32f0xx_hal_flash.c 0x00000000   Number         0  py32f0xx_hal_flash.o ABSOLUTE
    ..\Drivers\PY32F0xx_HAL_Driver\Src\py32f0xx_hal_gpio.c 0x00000000   Number         0  py32f0xx_hal_gpio.o ABSOLUTE
    ..\Drivers\PY32F0xx_HAL_Driver\Src\py32f0xx_hal_i2c.c 0x00000000   Number         0  py32f0xx_hal_i2c.o ABSOLUTE
    ..\Drivers\PY32F0xx_HAL_Driver\Src\py32f0xx_hal_irda.c 0x00000000   Number         0  py32f0xx_hal_irda.o ABSOLUTE
    ..\Drivers\PY32F0xx_HAL_Driver\Src\py32f0xx_hal_iwdg.c 0x00000000   Number         0  py32f0xx_hal_iwdg.o ABSOLUTE
    ..\Drivers\PY32F0xx_HAL_Driver\Src\py32f0xx_hal_led.c 0x00000000   Number         0  py32f0xx_hal_led.o ABSOLUTE
    ..\Drivers\PY32F0xx_HAL_Driver\Src\py32f0xx_hal_lptim.c 0x00000000   Number         0  py32f0xx_hal_lptim.o ABSOLUTE
    ..\Drivers\PY32F0xx_HAL_Driver\Src\py32f0xx_hal_pwr.c 0x00000000   Number         0  py32f0xx_hal_pwr.o ABSOLUTE
    ..\Drivers\PY32F0xx_HAL_Driver\Src\py32f0xx_hal_rcc.c 0x00000000   Number         0  py32f0xx_hal_rcc.o ABSOLUTE
    ..\Drivers\PY32F0xx_HAL_Driver\Src\py32f0xx_hal_rcc_ex.c 0x00000000   Number         0  py32f0xx_hal_rcc_ex.o ABSOLUTE
    ..\Drivers\PY32F0xx_HAL_Driver\Src\py32f0xx_hal_rtc.c 0x00000000   Number         0  py32f0xx_hal_rtc.o ABSOLUTE
    ..\Drivers\PY32F0xx_HAL_Driver\Src\py32f0xx_hal_rtc_ex.c 0x00000000   Number         0  py32f0xx_hal_rtc_ex.o ABSOLUTE
    ..\Drivers\PY32F0xx_HAL_Driver\Src\py32f0xx_hal_spi.c 0x00000000   Number         0  py32f0xx_hal_spi.o ABSOLUTE
    ..\Drivers\PY32F0xx_HAL_Driver\Src\py32f0xx_hal_tim.c 0x00000000   Number         0  py32f0xx_hal_tim.o ABSOLUTE
    ..\Drivers\PY32F0xx_HAL_Driver\Src\py32f0xx_hal_tim_ex.c 0x00000000   Number         0  py32f0xx_hal_tim_ex.o ABSOLUTE
    ..\Drivers\PY32F0xx_HAL_Driver\Src\py32f0xx_hal_uart.c 0x00000000   Number         0  py32f0xx_hal_uart.o ABSOLUTE
    ..\Drivers\PY32F0xx_HAL_Driver\Src\py32f0xx_hal_usart.c 0x00000000   Number         0  py32f0xx_hal_usart.o ABSOLUTE
    ..\Drivers\PY32F0xx_HAL_Driver\Src\py32f0xx_hal_wwdg.c 0x00000000   Number         0  py32f0xx_hal_wwdg.o ABSOLUTE
    ..\Src\main.c                            0x00000000   Number         0  main.o ABSOLUTE
    ..\Src\py32f0xx_hal_msp.c                0x00000000   Number         0  py32f0xx_hal_msp.o ABSOLUTE
    ..\Src\py32f0xx_it.c                     0x00000000   Number         0  py32f0xx_it.o ABSOLUTE
    ..\Src\system_py32f0xx.c                 0x00000000   Number         0  system_py32f0xx.o ABSOLUTE
    ..\User\EEPROM.c                         0x00000000   Number         0  eeprom.o ABSOLUTE
    ..\User\KeyFunc.c                        0x00000000   Number         0  keyfunc.o ABSOLUTE
    ..\User\LEDFunc.c                        0x00000000   Number         0  ledfunc.o ABSOLUTE
    ..\User\Led.c                            0x00000000   Number         0  led.o ABSOLUTE
    ..\User\NixiteTube.c                     0x00000000   Number         0  nixitetube.o ABSOLUTE
    ..\User\NixiteTube_Driver.c              0x00000000   Number         0  nixitetube_driver.o ABSOLUTE
    ..\User\Timer.c                          0x00000000   Number         0  timer.o ABSOLUTE
    ..\\BspDriver\\GPIO\\BspDriver_GPIO.c    0x00000000   Number         0  bspdriver_gpio.o ABSOLUTE
    ..\\BspDriver\\IWDG\\BspDriver_IWDG.c    0x00000000   Number         0  bspdriver_iwdg.o ABSOLUTE
    ..\\BspDriver\\SysClock\\BspDriver_SysClk.c 0x00000000   Number         0  bspdriver_sysclk.o ABSOLUTE
    ..\\BspDriver\\Timer\\BspDriver_Timer1.c 0x00000000   Number         0  bspdriver_timer1.o ABSOLUTE
    ..\\BspDriver\\Timer\\BspDriver_Timer16.c 0x00000000   Number         0  bspdriver_timer16.o ABSOLUTE
    ..\\BspDriver\\Usart\\BspDriver_Usart.c  0x00000000   Number         0  bspdriver_usart.o ABSOLUTE
    ..\\Drivers\\PY32F0xx_HAL_Driver\\Src\\py32f0xx_hal.c 0x00000000   Number         0  py32f0xx_hal.o ABSOLUTE
    ..\\Drivers\\PY32F0xx_HAL_Driver\\Src\\py32f0xx_hal_adc.c 0x00000000   Number         0  py32f0xx_hal_adc.o ABSOLUTE
    ..\\Drivers\\PY32F0xx_HAL_Driver\\Src\\py32f0xx_hal_adc_ex.c 0x00000000   Number         0  py32f0xx_hal_adc_ex.o ABSOLUTE
    ..\\Drivers\\PY32F0xx_HAL_Driver\\Src\\py32f0xx_hal_comp.c 0x00000000   Number         0  py32f0xx_hal_comp.o ABSOLUTE
    ..\\Drivers\\PY32F0xx_HAL_Driver\\Src\\py32f0xx_hal_cortex.c 0x00000000   Number         0  py32f0xx_hal_cortex.o ABSOLUTE
    ..\\Drivers\\PY32F0xx_HAL_Driver\\Src\\py32f0xx_hal_crc.c 0x00000000   Number         0  py32f0xx_hal_crc.o ABSOLUTE
    ..\\Drivers\\PY32F0xx_HAL_Driver\\Src\\py32f0xx_hal_dma.c 0x00000000   Number         0  py32f0xx_hal_dma.o ABSOLUTE
    ..\\Drivers\\PY32F0xx_HAL_Driver\\Src\\py32f0xx_hal_exti.c 0x00000000   Number         0  py32f0xx_hal_exti.o ABSOLUTE
    ..\\Drivers\\PY32F0xx_HAL_Driver\\Src\\py32f0xx_hal_flash.c 0x00000000   Number         0  py32f0xx_hal_flash.o ABSOLUTE
    ..\\Drivers\\PY32F0xx_HAL_Driver\\Src\\py32f0xx_hal_gpio.c 0x00000000   Number         0  py32f0xx_hal_gpio.o ABSOLUTE
    ..\\Drivers\\PY32F0xx_HAL_Driver\\Src\\py32f0xx_hal_i2c.c 0x00000000   Number         0  py32f0xx_hal_i2c.o ABSOLUTE
    ..\\Drivers\\PY32F0xx_HAL_Driver\\Src\\py32f0xx_hal_irda.c 0x00000000   Number         0  py32f0xx_hal_irda.o ABSOLUTE
    ..\\Drivers\\PY32F0xx_HAL_Driver\\Src\\py32f0xx_hal_iwdg.c 0x00000000   Number         0  py32f0xx_hal_iwdg.o ABSOLUTE
    ..\\Drivers\\PY32F0xx_HAL_Driver\\Src\\py32f0xx_hal_led.c 0x00000000   Number         0  py32f0xx_hal_led.o ABSOLUTE
    ..\\Drivers\\PY32F0xx_HAL_Driver\\Src\\py32f0xx_hal_lptim.c 0x00000000   Number         0  py32f0xx_hal_lptim.o ABSOLUTE
    ..\\Drivers\\PY32F0xx_HAL_Driver\\Src\\py32f0xx_hal_pwr.c 0x00000000   Number         0  py32f0xx_hal_pwr.o ABSOLUTE
    ..\\Drivers\\PY32F0xx_HAL_Driver\\Src\\py32f0xx_hal_rcc.c 0x00000000   Number         0  py32f0xx_hal_rcc.o ABSOLUTE
    ..\\Drivers\\PY32F0xx_HAL_Driver\\Src\\py32f0xx_hal_rcc_ex.c 0x00000000   Number         0  py32f0xx_hal_rcc_ex.o ABSOLUTE
    ..\\Drivers\\PY32F0xx_HAL_Driver\\Src\\py32f0xx_hal_rtc.c 0x00000000   Number         0  py32f0xx_hal_rtc.o ABSOLUTE
    ..\\Drivers\\PY32F0xx_HAL_Driver\\Src\\py32f0xx_hal_rtc_ex.c 0x00000000   Number         0  py32f0xx_hal_rtc_ex.o ABSOLUTE
    ..\\Drivers\\PY32F0xx_HAL_Driver\\Src\\py32f0xx_hal_spi.c 0x00000000   Number         0  py32f0xx_hal_spi.o ABSOLUTE
    ..\\Drivers\\PY32F0xx_HAL_Driver\\Src\\py32f0xx_hal_tim.c 0x00000000   Number         0  py32f0xx_hal_tim.o ABSOLUTE
    ..\\Drivers\\PY32F0xx_HAL_Driver\\Src\\py32f0xx_hal_tim_ex.c 0x00000000   Number         0  py32f0xx_hal_tim_ex.o ABSOLUTE
    ..\\Drivers\\PY32F0xx_HAL_Driver\\Src\\py32f0xx_hal_uart.c 0x00000000   Number         0  py32f0xx_hal_uart.o ABSOLUTE
    ..\\Drivers\\PY32F0xx_HAL_Driver\\Src\\py32f0xx_hal_usart.c 0x00000000   Number         0  py32f0xx_hal_usart.o ABSOLUTE
    ..\\Drivers\\PY32F0xx_HAL_Driver\\Src\\py32f0xx_hal_wwdg.c 0x00000000   Number         0  py32f0xx_hal_wwdg.o ABSOLUTE
    ..\\Src\\main.c                          0x00000000   Number         0  main.o ABSOLUTE
    ..\\Src\\py32f0xx_hal_msp.c              0x00000000   Number         0  py32f0xx_hal_msp.o ABSOLUTE
    ..\\Src\\py32f0xx_it.c                   0x00000000   Number         0  py32f0xx_it.o ABSOLUTE
    ..\\Src\\system_py32f0xx.c               0x00000000   Number         0  system_py32f0xx.o ABSOLUTE
    ..\\User\\EEPROM.c                       0x00000000   Number         0  eeprom.o ABSOLUTE
    ..\\User\\KeyFunc.c                      0x00000000   Number         0  keyfunc.o ABSOLUTE
    ..\\User\\LEDFunc.c                      0x00000000   Number         0  ledfunc.o ABSOLUTE
    ..\\User\\Led.c                          0x00000000   Number         0  led.o ABSOLUTE
    ..\\User\\NixiteTube.c                   0x00000000   Number         0  nixitetube.o ABSOLUTE
    ..\\User\\NixiteTube_Driver.c            0x00000000   Number         0  nixitetube_driver.o ABSOLUTE
    ..\\User\\Timer.c                        0x00000000   Number         0  timer.o ABSOLUTE
    dc.s                                     0x00000000   Number         0  dc.o ABSOLUTE
    handlers.s                               0x00000000   Number         0  handlers.o ABSOLUTE
    init.s                                   0x00000000   Number         0  init.o ABSOLUTE
    startup_py32f002xx.s                     0x00000000   Number         0  startup_py32f002xx.o ABSOLUTE
    RESET                                    0x08000000   Section      192  startup_py32f002xx.o(RESET)
    .ARM.Collect$$$$00000000                 0x080000c0   Section        0  entry.o(.ARM.Collect$$$$00000000)
    .ARM.Collect$$$$00000001                 0x080000c0   Section        4  entry2.o(.ARM.Collect$$$$00000001)
    .ARM.Collect$$$$00000004                 0x080000c4   Section        4  entry5.o(.ARM.Collect$$$$00000004)
    .ARM.Collect$$$$00000008                 0x080000c8   Section        0  entry7b.o(.ARM.Collect$$$$00000008)
    .ARM.Collect$$$$0000000A                 0x080000c8   Section        0  entry8b.o(.ARM.Collect$$$$0000000A)
    .ARM.Collect$$$$0000000B                 0x080000c8   Section        8  entry9a.o(.ARM.Collect$$$$0000000B)
    .ARM.Collect$$$$0000000E                 0x080000d0   Section        4  entry12b.o(.ARM.Collect$$$$0000000E)
    .ARM.Collect$$$$0000000F                 0x080000d4   Section        0  entry10a.o(.ARM.Collect$$$$0000000F)
    .ARM.Collect$$$$00000011                 0x080000d4   Section        0  entry11a.o(.ARM.Collect$$$$00000011)
    .ARM.Collect$$$$00002712                 0x080000d4   Section        4  entry2.o(.ARM.Collect$$$$00002712)
    __lit__00000000                          0x080000d4   Data           4  entry2.o(.ARM.Collect$$$$00002712)
    .text                                    0x080000d8   Section       28  startup_py32f002xx.o(.text)
    .text                                    0x080000f4   Section        0  uidiv.o(.text)
    .text                                    0x08000120   Section        0  memcpya.o(.text)
    .text                                    0x08000144   Section        0  memseta.o(.text)
    .text                                    0x08000168   Section        0  fmul.o(.text)
    .text                                    0x080001e2   Section        0  fdiv.o(.text)
    .text                                    0x0800025e   Section        0  ffltui.o(.text)
    .text                                    0x0800026c   Section        0  ffixui.o(.text)
    .text                                    0x08000294   Section        0  iusefp.o(.text)
    .text                                    0x08000294   Section        0  fepilogue.o(.text)
    .text                                    0x08000318   Section       36  init.o(.text)
    i.$Sub$$main                             0x0800033c   Section        0  system_py32f0xx.o(i.$Sub$$main)
    i.APP_FlashErase                         0x0800036c   Section        0  eeprom.o(i.APP_FlashErase)
    APP_FlashErase                           0x0800036d   Thumb Code    40  eeprom.o(i.APP_FlashErase)
    i.APP_FlashProgram                       0x08000398   Section        0  eeprom.o(i.APP_FlashProgram)
    APP_FlashProgram                         0x08000399   Thumb Code    34  eeprom.o(i.APP_FlashProgram)
    i.APP_GPIOConfig                         0x080003c0   Section        0  bspdriver_gpio.o(i.APP_GPIOConfig)
    i.APP_SystemClockConfig                  0x08000514   Section        0  bspdriver_sysclk.o(i.APP_SystemClockConfig)
    i.APP_TIM16Config                        0x0800057c   Section        0  bspdriver_timer16.o(i.APP_TIM16Config)
    i.APP_TIM1_GPIO                          0x080005d4   Section        0  bspdriver_timer1.o(i.APP_TIM1_GPIO)
    APP_TIM1_GPIO                            0x080005d5   Thumb Code   102  bspdriver_timer1.o(i.APP_TIM1_GPIO)
    i.APP_TIM1_INIT                          0x08000644   Section        0  bspdriver_timer1.o(i.APP_TIM1_INIT)
    APP_TIM1_INIT                            0x08000645   Thumb Code    58  bspdriver_timer1.o(i.APP_TIM1_INIT)
    i.APP_TIM1_PWM                           0x0800068c   Section        0  bspdriver_timer1.o(i.APP_TIM1_PWM)
    APP_TIM1_PWM                             0x0800068d   Thumb Code    62  bspdriver_timer1.o(i.APP_TIM1_PWM)
    i.APP_TIM1_PWM_Config                    0x080006d0   Section        0  bspdriver_timer1.o(i.APP_TIM1_PWM_Config)
    i.APP_USART1Config                       0x080006e0   Section        0  bspdriver_usart.o(i.APP_USART1Config)
    i.BlueLightModeDisplay                   0x08000788   Section        0  nixitetube.o(i.BlueLightModeDisplay)
    BlueLightModeDisplay                     0x08000789   Thumb Code    42  nixitetube.o(i.BlueLightModeDisplay)
    i.CleanAllDisplay                        0x080007bc   Section        0  nixitetube.o(i.CleanAllDisplay)
    CleanAllDisplay                          0x080007bd   Thumb Code    12  nixitetube.o(i.CleanAllDisplay)
    i.ColorGradualModeDisplay                0x080007cc   Section        0  nixitetube.o(i.ColorGradualModeDisplay)
    ColorGradualModeDisplay                  0x080007cd   Thumb Code    64  nixitetube.o(i.ColorGradualModeDisplay)
    i.ColorJumpModeDisplay                   0x08000814   Section        0  nixitetube.o(i.ColorJumpModeDisplay)
    ColorJumpModeDisplay                     0x08000815   Thumb Code    58  nixitetube.o(i.ColorJumpModeDisplay)
    i.ColorPulseModeDisplay                  0x08000858   Section        0  nixitetube.o(i.ColorPulseModeDisplay)
    ColorPulseModeDisplay                    0x08000859   Thumb Code    64  nixitetube.o(i.ColorPulseModeDisplay)
    i.DMX512ModeSelect                       0x080008a0   Section        0  ledfunc.o(i.DMX512ModeSelect)
    i.DMX512_4ChanModeDisplay                0x080008e4   Section        0  nixitetube.o(i.DMX512_4ChanModeDisplay)
    DMX512_4ChanModeDisplay                  0x080008e5   Thumb Code    46  nixitetube.o(i.DMX512_4ChanModeDisplay)
    i.DMX512_8ChanModeDisplay                0x0800091c   Section        0  nixitetube.o(i.DMX512_8ChanModeDisplay)
    DMX512_8ChanModeDisplay                  0x0800091d   Thumb Code    50  nixitetube.o(i.DMX512_8ChanModeDisplay)
    i.Error_Handler                          0x08000958   Section        0  bspdriver_sysclk.o(i.Error_Handler)
    i.FLASH_MassErase                        0x0800095c   Section        0  py32f0xx_hal_flash.o(i.FLASH_MassErase)
    FLASH_MassErase                          0x0800095d   Thumb Code    24  py32f0xx_hal_flash.o(i.FLASH_MassErase)
    i.FLASH_PageErase                        0x08000980   Section        0  py32f0xx_hal_flash.o(i.FLASH_PageErase)
    FLASH_PageErase                          0x08000981   Thumb Code    22  py32f0xx_hal_flash.o(i.FLASH_PageErase)
    i.FLASH_Program_Page                     0x080009a0   Section        0  py32f0xx_hal_flash.o(i.FLASH_Program_Page)
    FLASH_Program_Page                       0x080009a1   Thumb Code    54  py32f0xx_hal_flash.o(i.FLASH_Program_Page)
    i.FLASH_SectorErase                      0x080009dc   Section        0  py32f0xx_hal_flash.o(i.FLASH_SectorErase)
    FLASH_SectorErase                        0x080009dd   Thumb Code    16  py32f0xx_hal_flash.o(i.FLASH_SectorErase)
    i.FLASH_WaitForLastOperation             0x080009f0   Section        0  py32f0xx_hal_flash.o(i.FLASH_WaitForLastOperation)
    i.GlitterModeDisplay                     0x08000a24   Section        0  nixitetube.o(i.GlitterModeDisplay)
    GlitterModeDisplay                       0x08000a25   Thumb Code    60  nixitetube.o(i.GlitterModeDisplay)
    i.GreenLightModeDisplay                  0x08000a68   Section        0  nixitetube.o(i.GreenLightModeDisplay)
    GreenLightModeDisplay                    0x08000a69   Thumb Code    44  nixitetube.o(i.GreenLightModeDisplay)
    i.HAL_Delay                              0x08000a9c   Section        0  py32f0xx_hal.o(i.HAL_Delay)
    i.HAL_FLASH_Erase                        0x08000ac0   Section        0  py32f0xx_hal_flash.o(i.HAL_FLASH_Erase)
    i.HAL_FLASH_Lock                         0x08000c68   Section        0  py32f0xx_hal_flash.o(i.HAL_FLASH_Lock)
    i.HAL_FLASH_Program                      0x08000c84   Section        0  py32f0xx_hal_flash.o(i.HAL_FLASH_Program)
    i.HAL_FLASH_Unlock                       0x08000d90   Section        0  py32f0xx_hal_flash.o(i.HAL_FLASH_Unlock)
    i.HAL_GPIO_Init                          0x08000db8   Section        0  py32f0xx_hal_gpio.o(i.HAL_GPIO_Init)
    i.HAL_GetTick                            0x08000ecc   Section        0  py32f0xx_hal.o(i.HAL_GetTick)
    i.HAL_IncTick                            0x08000ed8   Section        0  py32f0xx_hal.o(i.HAL_IncTick)
    i.HAL_Init                               0x08000ee8   Section        0  py32f0xx_hal.o(i.HAL_Init)
    i.HAL_InitTick                           0x08000f04   Section        0  py32f0xx_hal.o(i.HAL_InitTick)
    i.HAL_MspInit                            0x08000f54   Section        0  py32f0xx_hal_msp.o(i.HAL_MspInit)
    i.HAL_NVIC_EnableIRQ                     0x08000f58   Section        0  py32f0xx_hal_cortex.o(i.HAL_NVIC_EnableIRQ)
    i.HAL_NVIC_SetPriority                   0x08000f70   Section        0  py32f0xx_hal_cortex.o(i.HAL_NVIC_SetPriority)
    i.HAL_RCC_ClockConfig                    0x08000f78   Section        0  py32f0xx_hal_rcc.o(i.HAL_RCC_ClockConfig)
    i.HAL_RCC_GetHCLKFreq                    0x080010d0   Section        0  py32f0xx_hal_rcc.o(i.HAL_RCC_GetHCLKFreq)
    i.HAL_RCC_GetPCLK1Freq                   0x080010dc   Section        0  py32f0xx_hal_rcc.o(i.HAL_RCC_GetPCLK1Freq)
    i.HAL_RCC_GetSysClockFreq                0x08001100   Section        0  py32f0xx_hal_rcc.o(i.HAL_RCC_GetSysClockFreq)
    i.HAL_RCC_OscConfig                      0x0800116c   Section        0  py32f0xx_hal_rcc.o(i.HAL_RCC_OscConfig)
    i.HAL_SYSTICK_Config                     0x080013a4   Section        0  py32f0xx_hal_cortex.o(i.HAL_SYSTICK_Config)
    i.HAL_TIMEx_BreakCallback                0x080013d4   Section        0  py32f0xx_hal_tim_ex.o(i.HAL_TIMEx_BreakCallback)
    i.HAL_TIMEx_CommutCallback               0x080013d6   Section        0  py32f0xx_hal_tim_ex.o(i.HAL_TIMEx_CommutCallback)
    i.HAL_TIM_Base_Init                      0x080013d8   Section        0  py32f0xx_hal_tim.o(i.HAL_TIM_Base_Init)
    i.HAL_TIM_Base_MspInit                   0x0800140a   Section        0  py32f0xx_hal_msp.o(i.HAL_TIM_Base_MspInit)
    i.HAL_TIM_Base_Start_IT                  0x0800141e   Section        0  py32f0xx_hal_tim.o(i.HAL_TIM_Base_Start_IT)
    i.HAL_TIM_IC_CaptureCallback             0x0800143e   Section        0  py32f0xx_hal_tim.o(i.HAL_TIM_IC_CaptureCallback)
    i.HAL_TIM_IRQHandler                     0x08001440   Section        0  py32f0xx_hal_tim.o(i.HAL_TIM_IRQHandler)
    i.HAL_TIM_OC_DelayElapsedCallback        0x080015aa   Section        0  py32f0xx_hal_tim.o(i.HAL_TIM_OC_DelayElapsedCallback)
    i.HAL_TIM_PWM_ConfigChannel              0x080015ac   Section        0  py32f0xx_hal_tim.o(i.HAL_TIM_PWM_ConfigChannel)
    i.HAL_TIM_PWM_PulseFinishedCallback      0x08001682   Section        0  py32f0xx_hal_tim.o(i.HAL_TIM_PWM_PulseFinishedCallback)
    i.HAL_TIM_PWM_Start                      0x08001684   Section        0  py32f0xx_hal_tim.o(i.HAL_TIM_PWM_Start)
    i.HAL_TIM_PeriodElapsedCallback          0x080016c8   Section        0  py32f0xx_hal_tim.o(i.HAL_TIM_PeriodElapsedCallback)
    i.HAL_TIM_TriggerCallback                0x080016ca   Section        0  py32f0xx_hal_tim.o(i.HAL_TIM_TriggerCallback)
    i.HAL_UART_DeInit                        0x080016cc   Section        0  py32f0xx_hal_uart.o(i.HAL_UART_DeInit)
    i.HAL_UART_ErrorCallback                 0x080016fe   Section        0  py32f0xx_hal_uart.o(i.HAL_UART_ErrorCallback)
    i.HAL_UART_IRQHandler                    0x08001700   Section        0  py32f0xx_hal_uart.o(i.HAL_UART_IRQHandler)
    i.HAL_UART_IdleFrameDetectCpltCallback   0x080017de   Section        0  py32f0xx_hal_uart.o(i.HAL_UART_IdleFrameDetectCpltCallback)
    i.HAL_UART_Init                          0x080017e0   Section        0  py32f0xx_hal_uart.o(i.HAL_UART_Init)
    i.HAL_UART_MspDeInit                     0x0800184e   Section        0  py32f0xx_hal_uart.o(i.HAL_UART_MspDeInit)
    i.HAL_UART_MspInit                       0x08001850   Section        0  py32f0xx_hal_msp.o(i.HAL_UART_MspInit)
    i.HAL_UART_RxCpltCallback                0x08001864   Section        0  py32f0xx_hal_uart.o(i.HAL_UART_RxCpltCallback)
    i.HAL_UART_TxCpltCallback                0x08001866   Section        0  py32f0xx_hal_uart.o(i.HAL_UART_TxCpltCallback)
    i.HardFault_Handler                      0x08001868   Section        0  py32f0xx_it.o(i.HardFault_Handler)
    i.KEY1_GPIO_StateGet                     0x0800186c   Section        0  nixitetube_driver.o(i.KEY1_GPIO_StateGet)
    KEY1_GPIO_StateGet                       0x0800186d   Thumb Code    14  nixitetube_driver.o(i.KEY1_GPIO_StateGet)
    i.KEY2_GPIO_StateGet                     0x08001880   Section        0  nixitetube_driver.o(i.KEY2_GPIO_StateGet)
    KEY2_GPIO_StateGet                       0x08001881   Thumb Code    16  nixitetube_driver.o(i.KEY2_GPIO_StateGet)
    i.KEY3_GPIO_StateGet                     0x08001890   Section        0  nixitetube_driver.o(i.KEY3_GPIO_StateGet)
    KEY3_GPIO_StateGet                       0x08001891   Thumb Code    14  nixitetube_driver.o(i.KEY3_GPIO_StateGet)
    i.KEY4_GPIO_StateGet                     0x080018a4   Section        0  nixitetube_driver.o(i.KEY4_GPIO_StateGet)
    KEY4_GPIO_StateGet                       0x080018a5   Thumb Code    14  nixitetube_driver.o(i.KEY4_GPIO_StateGet)
    i.KEY_GPIO_IntputPullUp                  0x080018b8   Section        0  nixitetube_driver.o(i.KEY_GPIO_IntputPullUp)
    KEY_GPIO_IntputPullUp                    0x080018b9   Thumb Code   132  nixitetube_driver.o(i.KEY_GPIO_IntputPullUp)
    i.KeyDownFunc                            0x08001944   Section        0  keyfunc.o(i.KeyDownFunc)
    i.KeyFunc                                0x08001a18   Section        0  keyfunc.o(i.KeyFunc)
    i.KeyPlusFunc                            0x08001ab0   Section        0  keyfunc.o(i.KeyPlusFunc)
    i.KeyScan                                0x08001b80   Section        0  keyfunc.o(i.KeyScan)
    i.LED_FunctionMode                       0x08001c88   Section        0  ledfunc.o(i.LED_FunctionMode)
    i.LED_FunctionTimer                      0x08001cf4   Section        0  ledfunc.o(i.LED_FunctionTimer)
    i.LED_Scan                               0x08001d54   Section        0  nixitetube_driver.o(i.LED_Scan)
    i.LL_GPIO_IsInputPinSet                  0x08001fd8   Section        0  nixitetube_driver.o(i.LL_GPIO_IsInputPinSet)
    LL_GPIO_IsInputPinSet                    0x08001fd9   Thumb Code    14  nixitetube_driver.o(i.LL_GPIO_IsInputPinSet)
    i.LL_GPIO_SetPinMode                     0x08001fe6   Section        0  nixitetube_driver.o(i.LL_GPIO_SetPinMode)
    LL_GPIO_SetPinMode                       0x08001fe7   Thumb Code    20  nixitetube_driver.o(i.LL_GPIO_SetPinMode)
    i.LL_GPIO_SetPinMode                     0x08001ffa   Section        0  bspdriver_gpio.o(i.LL_GPIO_SetPinMode)
    LL_GPIO_SetPinMode                       0x08001ffb   Thumb Code    20  bspdriver_gpio.o(i.LL_GPIO_SetPinMode)
    i.LL_GPIO_SetPinOutputType               0x0800200e   Section        0  nixitetube_driver.o(i.LL_GPIO_SetPinOutputType)
    LL_GPIO_SetPinOutputType                 0x0800200f   Thumb Code    12  nixitetube_driver.o(i.LL_GPIO_SetPinOutputType)
    i.LL_GPIO_SetPinOutputType               0x0800201a   Section        0  bspdriver_gpio.o(i.LL_GPIO_SetPinOutputType)
    LL_GPIO_SetPinOutputType                 0x0800201b   Thumb Code    12  bspdriver_gpio.o(i.LL_GPIO_SetPinOutputType)
    i.LL_GPIO_SetPinPull                     0x08002026   Section        0  nixitetube_driver.o(i.LL_GPIO_SetPinPull)
    LL_GPIO_SetPinPull                       0x08002027   Thumb Code    20  nixitetube_driver.o(i.LL_GPIO_SetPinPull)
    i.LL_GPIO_SetPinPull                     0x0800203a   Section        0  bspdriver_gpio.o(i.LL_GPIO_SetPinPull)
    LL_GPIO_SetPinPull                       0x0800203b   Thumb Code    20  bspdriver_gpio.o(i.LL_GPIO_SetPinPull)
    i.LL_GPIO_SetPinSpeed                    0x0800204e   Section        0  bspdriver_gpio.o(i.LL_GPIO_SetPinSpeed)
    LL_GPIO_SetPinSpeed                      0x0800204f   Thumb Code    20  bspdriver_gpio.o(i.LL_GPIO_SetPinSpeed)
    i.LedBlueLightMode                       0x08002064   Section        0  ledfunc.o(i.LedBlueLightMode)
    i.LedBlueLightTimer                      0x08002088   Section        0  ledfunc.o(i.LedBlueLightTimer)
    i.LedColorGradualFunc                    0x0800208c   Section        0  ledfunc.o(i.LedColorGradualFunc)
    i.LedColorGradualMode                    0x0800213c   Section        0  ledfunc.o(i.LedColorGradualMode)
    i.LedColorGradualTimer                   0x08002160   Section        0  ledfunc.o(i.LedColorGradualTimer)
    i.LedColorJumpFunc                       0x08002174   Section        0  ledfunc.o(i.LedColorJumpFunc)
    i.LedColorJumpMode                       0x080021c8   Section        0  ledfunc.o(i.LedColorJumpMode)
    i.LedColorJumpTimer                      0x080021f0   Section        0  ledfunc.o(i.LedColorJumpTimer)
    i.LedColorPulseFunc                      0x08002204   Section        0  ledfunc.o(i.LedColorPulseFunc)
    i.LedColorPulseMode                      0x08002280   Section        0  ledfunc.o(i.LedColorPulseMode)
    i.LedColorPulseTimer                     0x080022a0   Section        0  ledfunc.o(i.LedColorPulseTimer)
    i.LedDMX512_4ChanMode                    0x080022b4   Section        0  ledfunc.o(i.LedDMX512_4ChanMode)
    i.LedDMX512_4ChanTimer                   0x0800233c   Section        0  ledfunc.o(i.LedDMX512_4ChanTimer)
    i.LedDMX512_8ChanMode                    0x080023d4   Section        0  ledfunc.o(i.LedDMX512_8ChanMode)
    i.LedDMX512_8ChanTimer                   0x080024e4   Section        0  ledfunc.o(i.LedDMX512_8ChanTimer)
    i.LedDimmerProc                          0x08002648   Section        0  led.o(i.LedDimmerProc)
    i.LedDriver                              0x080026f4   Section        0  led.o(i.LedDriver)
    i.LedGlitterMode                         0x0800277c   Section        0  ledfunc.o(i.LedGlitterMode)
    i.LedGlitterTimer                        0x080027c8   Section        0  ledfunc.o(i.LedGlitterTimer)
    i.LedGreenLightMode                      0x08002828   Section        0  ledfunc.o(i.LedGreenLightMode)
    i.LedGreenLightTimer                     0x0800284c   Section        0  ledfunc.o(i.LedGreenLightTimer)
    i.LedOneColorFunc                        0x08002850   Section        0  ledfunc.o(i.LedOneColorFunc)
    i.LedOneColorMode                        0x080028b4   Section        0  ledfunc.o(i.LedOneColorMode)
    i.LedOneColorTimer                       0x080028dc   Section        0  ledfunc.o(i.LedOneColorTimer)
    i.LedRedLightMode                        0x080028e0   Section        0  ledfunc.o(i.LedRedLightMode)
    i.LedRedLightTimer                       0x08002904   Section        0  ledfunc.o(i.LedRedLightTimer)
    i.LedVoiceControlMode                    0x08002908   Section        0  ledfunc.o(i.LedVoiceControlMode)
    i.LedVoiceControlTimer                   0x08002930   Section        0  ledfunc.o(i.LedVoiceControlTimer)
    i.MIC_Check                              0x080029f0   Section        0  ledfunc.o(i.MIC_Check)
    i.NMI_Handler                            0x08002a28   Section        0  py32f0xx_it.o(i.NMI_Handler)
    i.NixieTubeDisplay                       0x08002a2c   Section        0  nixitetube.o(i.NixieTubeDisplay)
    i.OneColorModeDisplay                    0x08002a90   Section        0  nixitetube.o(i.OneColorModeDisplay)
    OneColorModeDisplay                      0x08002a91   Thumb Code    56  nixitetube.o(i.OneColorModeDisplay)
    i.PendSV_Handler                         0x08002ad0   Section        0  py32f0xx_it.o(i.PendSV_Handler)
    i.ReadUserSetData                        0x08002ad4   Section        0  eeprom.o(i.ReadUserSetData)
    i.RedLightModeDisplay                    0x08002af8   Section        0  nixitetube.o(i.RedLightModeDisplay)
    RedLightModeDisplay                      0x08002af9   Thumb Code    28  nixitetube.o(i.RedLightModeDisplay)
    i.SEG1_GPIO_CofigOutput                  0x08002b1c   Section        0  nixitetube_driver.o(i.SEG1_GPIO_CofigOutput)
    SEG1_GPIO_CofigOutput                    0x08002b1d   Thumb Code    42  nixitetube_driver.o(i.SEG1_GPIO_CofigOutput)
    i.SEG2_GPIO_CofigOutput                  0x08002b4c   Section        0  nixitetube_driver.o(i.SEG2_GPIO_CofigOutput)
    SEG2_GPIO_CofigOutput                    0x08002b4d   Thumb Code    42  nixitetube_driver.o(i.SEG2_GPIO_CofigOutput)
    i.SEG3_GPIO_CofigOutput                  0x08002b7c   Section        0  nixitetube_driver.o(i.SEG3_GPIO_CofigOutput)
    SEG3_GPIO_CofigOutput                    0x08002b7d   Thumb Code    44  nixitetube_driver.o(i.SEG3_GPIO_CofigOutput)
    i.SEG4_GPIO_CofigOutput                  0x08002ba8   Section        0  nixitetube_driver.o(i.SEG4_GPIO_CofigOutput)
    SEG4_GPIO_CofigOutput                    0x08002ba9   Thumb Code    42  nixitetube_driver.o(i.SEG4_GPIO_CofigOutput)
    i.SEG5_GPIO_CofigOutput                  0x08002bd8   Section        0  nixitetube_driver.o(i.SEG5_GPIO_CofigOutput)
    SEG5_GPIO_CofigOutput                    0x08002bd9   Thumb Code    44  nixitetube_driver.o(i.SEG5_GPIO_CofigOutput)
    i.SEG6_GPIO_CofigOutput                  0x08002c04   Section        0  nixitetube_driver.o(i.SEG6_GPIO_CofigOutput)
    SEG6_GPIO_CofigOutput                    0x08002c05   Thumb Code    44  nixitetube_driver.o(i.SEG6_GPIO_CofigOutput)
    i.SEG_GPIO_CofigFloat                    0x08002c30   Section        0  nixitetube_driver.o(i.SEG_GPIO_CofigFloat)
    SEG_GPIO_CofigFloat                      0x08002c31   Thumb Code   132  nixitetube_driver.o(i.SEG_GPIO_CofigFloat)
    i.SVC_Handler                            0x08002cbc   Section        0  py32f0xx_it.o(i.SVC_Handler)
    i.SysTick_Handler                        0x08002cbe   Section        0  py32f0xx_it.o(i.SysTick_Handler)
    i.SystemInit                             0x08002cc8   Section        0  system_py32f0xx.o(i.SystemInit)
    i.TIM16_IRQHandler                       0x08002cf4   Section        0  py32f0xx_it.o(i.TIM16_IRQHandler)
    i.TIM1_BRK_UP_TRG_COM_IRQHandler         0x08002d40   Section        0  py32f0xx_it.o(i.TIM1_BRK_UP_TRG_COM_IRQHandler)
    i.TIM_Base_SetConfig                     0x08002e1c   Section        0  py32f0xx_hal_tim.o(i.TIM_Base_SetConfig)
    i.TIM_CCxChannelCmd                      0x08002e70   Section        0  py32f0xx_hal_tim.o(i.TIM_CCxChannelCmd)
    i.TIM_OC1_SetConfig                      0x08002e8c   Section        0  py32f0xx_hal_tim.o(i.TIM_OC1_SetConfig)
    TIM_OC1_SetConfig                        0x08002e8d   Thumb Code   100  py32f0xx_hal_tim.o(i.TIM_OC1_SetConfig)
    i.TIM_OC2_SetConfig                      0x08002ef8   Section        0  py32f0xx_hal_tim.o(i.TIM_OC2_SetConfig)
    i.TIM_OC3_SetConfig                      0x08002f70   Section        0  py32f0xx_hal_tim.o(i.TIM_OC3_SetConfig)
    TIM_OC3_SetConfig                        0x08002f71   Thumb Code   108  py32f0xx_hal_tim.o(i.TIM_OC3_SetConfig)
    i.TIM_OC4_SetConfig                      0x08002fe4   Section        0  py32f0xx_hal_tim.o(i.TIM_OC4_SetConfig)
    TIM_OC4_SetConfig                        0x08002fe5   Thumb Code    84  py32f0xx_hal_tim.o(i.TIM_OC4_SetConfig)
    i.ThreeNumbersDisplay                    0x08003040   Section        0  nixitetube.o(i.ThreeNumbersDisplay)
    ThreeNumbersDisplay                      0x08003041   Thumb Code   100  nixitetube.o(i.ThreeNumbersDisplay)
    i.Tim1PwmDutySetChan1                    0x080030b8   Section        0  bspdriver_timer1.o(i.Tim1PwmDutySetChan1)
    i.Tim1PwmDutySetChan2                    0x080030e8   Section        0  bspdriver_timer1.o(i.Tim1PwmDutySetChan2)
    i.Tim1PwmDutySetChan3                    0x08003118   Section        0  bspdriver_timer1.o(i.Tim1PwmDutySetChan3)
    i.Tim1PwmDutySetChan4                    0x08003148   Section        0  bspdriver_timer1.o(i.Tim1PwmDutySetChan4)
    i.TwoNumbersDisplay                      0x08003178   Section        0  nixitetube.o(i.TwoNumbersDisplay)
    TwoNumbersDisplay                        0x08003179   Thumb Code    66  nixitetube.o(i.TwoNumbersDisplay)
    i.UART_AdvFeatureConfig                  0x080031c8   Section        0  py32f0xx_hal_uart.o(i.UART_AdvFeatureConfig)
    UART_AdvFeatureConfig                    0x080031c9   Thumb Code    48  py32f0xx_hal_uart.o(i.UART_AdvFeatureConfig)
    i.UART_EndRxTransfer                     0x080031f8   Section        0  py32f0xx_hal_uart.o(i.UART_EndRxTransfer)
    UART_EndRxTransfer                       0x080031f9   Thumb Code    30  py32f0xx_hal_uart.o(i.UART_EndRxTransfer)
    i.UART_EndTransmit_IT                    0x08003216   Section        0  py32f0xx_hal_uart.o(i.UART_EndTransmit_IT)
    UART_EndTransmit_IT                      0x08003217   Thumb Code    26  py32f0xx_hal_uart.o(i.UART_EndTransmit_IT)
    i.UART_Receive_IT                        0x08003230   Section        0  py32f0xx_hal_uart.o(i.UART_Receive_IT)
    UART_Receive_IT                          0x08003231   Thumb Code   122  py32f0xx_hal_uart.o(i.UART_Receive_IT)
    i.UART_SetConfig                         0x080032ac   Section        0  py32f0xx_hal_uart.o(i.UART_SetConfig)
    UART_SetConfig                           0x080032ad   Thumb Code   198  py32f0xx_hal_uart.o(i.UART_SetConfig)
    i.UART_Transmit_IT                       0x08003378   Section        0  py32f0xx_hal_uart.o(i.UART_Transmit_IT)
    UART_Transmit_IT                         0x08003379   Thumb Code   100  py32f0xx_hal_uart.o(i.UART_Transmit_IT)
    i.USART1_IRQHandler                      0x080033dc   Section        0  py32f0xx_it.o(i.USART1_IRQHandler)
    i.UserSetInit                            0x08003484   Section        0  eeprom.o(i.UserSetInit)
    i.UserTimer100ms                         0x08003508   Section        0  timer.o(i.UserTimer100ms)
    i.UserTimer1ms                           0x08003520   Section        0  timer.o(i.UserTimer1ms)
    i.UserTimer5ms                           0x08003544   Section        0  timer.o(i.UserTimer5ms)
    i.VoiceControlModeDisplay                0x08003574   Section        0  nixitetube.o(i.VoiceControlModeDisplay)
    VoiceControlModeDisplay                  0x08003575   Thumb Code    64  nixitetube.o(i.VoiceControlModeDisplay)
    i.WriteEEPROM                            0x080035bc   Section        0  eeprom.o(i.WriteEEPROM)
    i.WriteUserSetDataIntoEEPROM             0x080035d4   Section        0  eeprom.o(i.WriteUserSetDataIntoEEPROM)
    i.__ARM_common_switch8                   0x08003620   Section        0  py32f0xx_hal_rcc.o(i.__ARM_common_switch8)
    i.__NVIC_SetPriority                     0x0800363c   Section        0  py32f0xx_hal_cortex.o(i.__NVIC_SetPriority)
    __NVIC_SetPriority                       0x0800363d   Thumb Code    60  py32f0xx_hal_cortex.o(i.__NVIC_SetPriority)
    i.__scatterload_copy                     0x08003680   Section       14  handlers.o(i.__scatterload_copy)
    i.__scatterload_null                     0x0800368e   Section        2  handlers.o(i.__scatterload_null)
    i.__scatterload_zeroinit                 0x08003690   Section       14  handlers.o(i.__scatterload_zeroinit)
    i.main                                   0x080036a0   Section        0  main.o(i.main)
    .constdata                               0x08003718   Section       96  system_py32f0xx.o(.constdata)
    .constdata                               0x08003778   Section       32  system_py32f0xx.o(.constdata)
    .constdata                               0x08003798   Section       32  py32f0xx_hal_flash.o(.constdata)
    .constdata                               0x080037b8   Section       20  py32f0xx_hal_rcc.o(.constdata)
    .constdata                               0x080037cc   Section       33  ledfunc.o(.constdata)
    .constdata                               0x080037ed   Section       60  nixitetube_driver.o(.constdata)
    .constdata                               0x08003829   Section       60  nixitetube_driver.o(.constdata)
    .constdata                               0x08003865   Section       60  nixitetube_driver.o(.constdata)
    .constdata                               0x080038a4   Section       44  eeprom.o(.constdata)
    .constdata                               0x080038d0   Section     1536  led.o(.constdata)
    .ARM.__at_0x20000000                     0x20000000   Section      192  system_py32f0xx.o(.ARM.__at_0x20000000)
    .data                                    0x200000c0   Section        4  system_py32f0xx.o(.data)
    .data                                    0x200000c4   Section       14  py32f0xx_it.o(.data)
    RxState                                  0x200000c8   Data           1  py32f0xx_it.o(.data)
    STA_FLG_RX                               0x200000c9   Data           1  py32f0xx_it.o(.data)
    DMX_CNT                                  0x200000ce   Data           2  py32f0xx_it.o(.data)
    .data                                    0x200000d4   Section       12  py32f0xx_hal.o(.data)
    .data                                    0x200000e0   Section        6  ledfunc.o(.data)
    .data                                    0x200000e6   Section       12  keyfunc.o(.data)
    key_value                                0x200000e6   Data           1  keyfunc.o(.data)
    keyBack                                  0x200000e7   Data           1  keyfunc.o(.data)
    key_code                                 0x200000e8   Data           2  keyfunc.o(.data)
    .data                                    0x200000f2   Section        6  nixitetube.o(.data)
    .data                                    0x200000f8   Section        1  nixitetube_driver.o(.data)
    ScanNum                                  0x200000f8   Data           1  nixitetube_driver.o(.data)
    .bss                                     0x200000fc   Section       24  py32f0xx_hal_flash.o(.bss)
    .bss                                     0x20000114   Section       16  timer.o(.bss)
    .bss                                     0x20000124   Section       56  ledfunc.o(.bss)
    .bss                                     0x2000015c   Section       14  keyfunc.o(.bss)
    .bss                                     0x2000016c   Section       44  eeprom.o(.bss)
    .bss                                     0x20000198   Section       30  led.o(.bss)
    .bss                                     0x200001b8   Section       68  bspdriver_usart.o(.bss)
    .bss                                     0x200001fc   Section       32  bspdriver_timer16.o(.bss)
    .bss                                     0x2000021c   Section       60  bspdriver_timer1.o(.bss)
    STACK                                    0x20000258   Section     1024  startup_py32f002xx.o(STACK)

    Global Symbols

    Symbol Name                              Value     Ov Type        Size  Object(Section)

    BuildAttributes$$THM_ISAv3M$S$PE$A:L22$X:L11$S22$IEEE1$IW$USESV6$~STKCKD$USESV7$~SHL$OTIME$ROPI$EBA8$MICROLIB$REQ8$PRES8$EABIv2 0x00000000   Number         0  anon$$obj.o ABSOLUTE
    __ARM_use_no_argv                        0x00000000   Number         0  main.o ABSOLUTE
    __arm_fini_                               - Undefined Weak Reference
    __cpp_initialize__aeabi_                  - Undefined Weak Reference
    __cxa_finalize                            - Undefined Weak Reference
    __decompress                              - Undefined Weak Reference
    _clock_init                               - Undefined Weak Reference
    _microlib_exit                            - Undefined Weak Reference
    __Vectors_Size                           0x000000c0   Number         0  startup_py32f002xx.o ABSOLUTE
    __Vectors                                0x08000000   Data           4  startup_py32f002xx.o(RESET)
    __Vectors_End                            0x080000c0   Data           0  startup_py32f002xx.o(RESET)
    __main                                   0x080000c1   Thumb Code     0  entry.o(.ARM.Collect$$$$00000000)
    _main_stk                                0x080000c1   Thumb Code     0  entry2.o(.ARM.Collect$$$$00000001)
    _main_scatterload                        0x080000c5   Thumb Code     0  entry5.o(.ARM.Collect$$$$00000004)
    __main_after_scatterload                 0x080000c9   Thumb Code     0  entry5.o(.ARM.Collect$$$$00000004)
    _main_clock                              0x080000c9   Thumb Code     0  entry7b.o(.ARM.Collect$$$$00000008)
    _main_cpp_init                           0x080000c9   Thumb Code     0  entry8b.o(.ARM.Collect$$$$0000000A)
    _main_init                               0x080000c9   Thumb Code     0  entry9a.o(.ARM.Collect$$$$0000000B)
    __rt_lib_shutdown_fini                   0x080000d1   Thumb Code     0  entry12b.o(.ARM.Collect$$$$0000000E)
    __rt_final_cpp                           0x080000d5   Thumb Code     0  entry10a.o(.ARM.Collect$$$$0000000F)
    __rt_final_exit                          0x080000d5   Thumb Code     0  entry11a.o(.ARM.Collect$$$$00000011)
    Reset_Handler                            0x080000d9   Thumb Code     8  startup_py32f002xx.o(.text)
    ADC_COMP_IRQHandler                      0x080000eb   Thumb Code     0  startup_py32f002xx.o(.text)
    EXTI0_1_IRQHandler                       0x080000eb   Thumb Code     0  startup_py32f002xx.o(.text)
    EXTI2_3_IRQHandler                       0x080000eb   Thumb Code     0  startup_py32f002xx.o(.text)
    EXTI4_15_IRQHandler                      0x080000eb   Thumb Code     0  startup_py32f002xx.o(.text)
    FLASH_IRQHandler                         0x080000eb   Thumb Code     0  startup_py32f002xx.o(.text)
    I2C1_IRQHandler                          0x080000eb   Thumb Code     0  startup_py32f002xx.o(.text)
    LPTIM1_IRQHandler                        0x080000eb   Thumb Code     0  startup_py32f002xx.o(.text)
    RCC_IRQHandler                           0x080000eb   Thumb Code     0  startup_py32f002xx.o(.text)
    SPI1_IRQHandler                          0x080000eb   Thumb Code     0  startup_py32f002xx.o(.text)
    TIM1_CC_IRQHandler                       0x080000eb   Thumb Code     0  startup_py32f002xx.o(.text)
    __aeabi_uidiv                            0x080000f5   Thumb Code     0  uidiv.o(.text)
    __aeabi_uidivmod                         0x080000f5   Thumb Code    44  uidiv.o(.text)
    __aeabi_memcpy                           0x08000121   Thumb Code    36  memcpya.o(.text)
    __aeabi_memcpy4                          0x08000121   Thumb Code     0  memcpya.o(.text)
    __aeabi_memcpy8                          0x08000121   Thumb Code     0  memcpya.o(.text)
    __aeabi_memset                           0x08000145   Thumb Code    14  memseta.o(.text)
    __aeabi_memset4                          0x08000145   Thumb Code     0  memseta.o(.text)
    __aeabi_memset8                          0x08000145   Thumb Code     0  memseta.o(.text)
    __aeabi_memclr                           0x08000153   Thumb Code     4  memseta.o(.text)
    __aeabi_memclr4                          0x08000153   Thumb Code     0  memseta.o(.text)
    __aeabi_memclr8                          0x08000153   Thumb Code     0  memseta.o(.text)
    _memset$wrapper                          0x08000157   Thumb Code    18  memseta.o(.text)
    __aeabi_fmul                             0x08000169   Thumb Code   122  fmul.o(.text)
    __aeabi_fdiv                             0x080001e3   Thumb Code   124  fdiv.o(.text)
    __aeabi_ui2f                             0x0800025f   Thumb Code    14  ffltui.o(.text)
    __aeabi_f2uiz                            0x0800026d   Thumb Code    40  ffixui.o(.text)
    __I$use$fp                               0x08000295   Thumb Code     0  iusefp.o(.text)
    _float_round                             0x08000295   Thumb Code    16  fepilogue.o(.text)
    _float_epilogue                          0x080002a5   Thumb Code   114  fepilogue.o(.text)
    __scatterload                            0x08000319   Thumb Code    28  init.o(.text)
    __scatterload_rt2                        0x08000319   Thumb Code     0  init.o(.text)
    main                                     0x0800033d   Thumb Code    40  system_py32f0xx.o(i.$Sub$$main)
    APP_GPIOConfig                           0x080003c1   Thumb Code   326  bspdriver_gpio.o(i.APP_GPIOConfig)
    APP_SystemClockConfig                    0x08000515   Thumb Code    98  bspdriver_sysclk.o(i.APP_SystemClockConfig)
    APP_TIM16Config                          0x0800057d   Thumb Code    72  bspdriver_timer16.o(i.APP_TIM16Config)
    APP_TIM1_PWM_Config                      0x080006d1   Thumb Code    16  bspdriver_timer1.o(i.APP_TIM1_PWM_Config)
    APP_USART1Config                         0x080006e1   Thumb Code   146  bspdriver_usart.o(i.APP_USART1Config)
    DMX512ModeSelect                         0x080008a1   Thumb Code    68  ledfunc.o(i.DMX512ModeSelect)
    Error_Handler                            0x08000959   Thumb Code     2  bspdriver_sysclk.o(i.Error_Handler)
    FLASH_WaitForLastOperation               0x080009f1   Thumb Code    42  py32f0xx_hal_flash.o(i.FLASH_WaitForLastOperation)
    HAL_Delay                                0x08000a9d   Thumb Code    32  py32f0xx_hal.o(i.HAL_Delay)
    HAL_FLASH_Erase                          0x08000ac1   Thumb Code   404  py32f0xx_hal_flash.o(i.HAL_FLASH_Erase)
    HAL_FLASH_Lock                           0x08000c69   Thumb Code    22  py32f0xx_hal_flash.o(i.HAL_FLASH_Lock)
    HAL_FLASH_Program                        0x08000c85   Thumb Code   246  py32f0xx_hal_flash.o(i.HAL_FLASH_Program)
    HAL_FLASH_Unlock                         0x08000d91   Thumb Code    28  py32f0xx_hal_flash.o(i.HAL_FLASH_Unlock)
    HAL_GPIO_Init                            0x08000db9   Thumb Code   268  py32f0xx_hal_gpio.o(i.HAL_GPIO_Init)
    HAL_GetTick                              0x08000ecd   Thumb Code     6  py32f0xx_hal.o(i.HAL_GetTick)
    HAL_IncTick                              0x08000ed9   Thumb Code    12  py32f0xx_hal.o(i.HAL_IncTick)
    HAL_Init                                 0x08000ee9   Thumb Code    26  py32f0xx_hal.o(i.HAL_Init)
    HAL_InitTick                             0x08000f05   Thumb Code    72  py32f0xx_hal.o(i.HAL_InitTick)
    HAL_MspInit                              0x08000f55   Thumb Code     2  py32f0xx_hal_msp.o(i.HAL_MspInit)
    HAL_NVIC_EnableIRQ                       0x08000f59   Thumb Code    18  py32f0xx_hal_cortex.o(i.HAL_NVIC_EnableIRQ)
    HAL_NVIC_SetPriority                     0x08000f71   Thumb Code     8  py32f0xx_hal_cortex.o(i.HAL_NVIC_SetPriority)
    HAL_RCC_ClockConfig                      0x08000f79   Thumb Code   320  py32f0xx_hal_rcc.o(i.HAL_RCC_ClockConfig)
    HAL_RCC_GetHCLKFreq                      0x080010d1   Thumb Code     6  py32f0xx_hal_rcc.o(i.HAL_RCC_GetHCLKFreq)
    HAL_RCC_GetPCLK1Freq                     0x080010dd   Thumb Code    28  py32f0xx_hal_rcc.o(i.HAL_RCC_GetPCLK1Freq)
    HAL_RCC_GetSysClockFreq                  0x08001101   Thumb Code    94  py32f0xx_hal_rcc.o(i.HAL_RCC_GetSysClockFreq)
    HAL_RCC_OscConfig                        0x0800116d   Thumb Code   550  py32f0xx_hal_rcc.o(i.HAL_RCC_OscConfig)
    HAL_SYSTICK_Config                       0x080013a5   Thumb Code    38  py32f0xx_hal_cortex.o(i.HAL_SYSTICK_Config)
    HAL_TIMEx_BreakCallback                  0x080013d5   Thumb Code     2  py32f0xx_hal_tim_ex.o(i.HAL_TIMEx_BreakCallback)
    HAL_TIMEx_CommutCallback                 0x080013d7   Thumb Code     2  py32f0xx_hal_tim_ex.o(i.HAL_TIMEx_CommutCallback)
    HAL_TIM_Base_Init                        0x080013d9   Thumb Code    50  py32f0xx_hal_tim.o(i.HAL_TIM_Base_Init)
    HAL_TIM_Base_MspInit                     0x0800140b   Thumb Code    20  py32f0xx_hal_msp.o(i.HAL_TIM_Base_MspInit)
    HAL_TIM_Base_Start_IT                    0x0800141f   Thumb Code    32  py32f0xx_hal_tim.o(i.HAL_TIM_Base_Start_IT)
    HAL_TIM_IC_CaptureCallback               0x0800143f   Thumb Code     2  py32f0xx_hal_tim.o(i.HAL_TIM_IC_CaptureCallback)
    HAL_TIM_IRQHandler                       0x08001441   Thumb Code   362  py32f0xx_hal_tim.o(i.HAL_TIM_IRQHandler)
    HAL_TIM_OC_DelayElapsedCallback          0x080015ab   Thumb Code     2  py32f0xx_hal_tim.o(i.HAL_TIM_OC_DelayElapsedCallback)
    HAL_TIM_PWM_ConfigChannel                0x080015ad   Thumb Code   214  py32f0xx_hal_tim.o(i.HAL_TIM_PWM_ConfigChannel)
    HAL_TIM_PWM_PulseFinishedCallback        0x08001683   Thumb Code     2  py32f0xx_hal_tim.o(i.HAL_TIM_PWM_PulseFinishedCallback)
    HAL_TIM_PWM_Start                        0x08001685   Thumb Code    60  py32f0xx_hal_tim.o(i.HAL_TIM_PWM_Start)
    HAL_TIM_PeriodElapsedCallback            0x080016c9   Thumb Code     2  py32f0xx_hal_tim.o(i.HAL_TIM_PeriodElapsedCallback)
    HAL_TIM_TriggerCallback                  0x080016cb   Thumb Code     2  py32f0xx_hal_tim.o(i.HAL_TIM_TriggerCallback)
    HAL_UART_DeInit                          0x080016cd   Thumb Code    50  py32f0xx_hal_uart.o(i.HAL_UART_DeInit)
    HAL_UART_ErrorCallback                   0x080016ff   Thumb Code     2  py32f0xx_hal_uart.o(i.HAL_UART_ErrorCallback)
    HAL_UART_IRQHandler                      0x08001701   Thumb Code   222  py32f0xx_hal_uart.o(i.HAL_UART_IRQHandler)
    HAL_UART_IdleFrameDetectCpltCallback     0x080017df   Thumb Code     2  py32f0xx_hal_uart.o(i.HAL_UART_IdleFrameDetectCpltCallback)
    HAL_UART_Init                            0x080017e1   Thumb Code   110  py32f0xx_hal_uart.o(i.HAL_UART_Init)
    HAL_UART_MspDeInit                       0x0800184f   Thumb Code     2  py32f0xx_hal_uart.o(i.HAL_UART_MspDeInit)
    HAL_UART_MspInit                         0x08001851   Thumb Code    20  py32f0xx_hal_msp.o(i.HAL_UART_MspInit)
    HAL_UART_RxCpltCallback                  0x08001865   Thumb Code     2  py32f0xx_hal_uart.o(i.HAL_UART_RxCpltCallback)
    HAL_UART_TxCpltCallback                  0x08001867   Thumb Code     2  py32f0xx_hal_uart.o(i.HAL_UART_TxCpltCallback)
    HardFault_Handler                        0x08001869   Thumb Code     2  py32f0xx_it.o(i.HardFault_Handler)
    KeyDownFunc                              0x08001945   Thumb Code   204  keyfunc.o(i.KeyDownFunc)
    KeyFunc                                  0x08001a19   Thumb Code   138  keyfunc.o(i.KeyFunc)
    KeyPlusFunc                              0x08001ab1   Thumb Code   198  keyfunc.o(i.KeyPlusFunc)
    KeyScan                                  0x08001b81   Thumb Code   252  keyfunc.o(i.KeyScan)
    LED_FunctionMode                         0x08001c89   Thumb Code   104  ledfunc.o(i.LED_FunctionMode)
    LED_FunctionTimer                        0x08001cf5   Thumb Code    92  ledfunc.o(i.LED_FunctionTimer)
    LED_Scan                                 0x08001d55   Thumb Code   636  nixitetube_driver.o(i.LED_Scan)
    LedBlueLightMode                         0x08002065   Thumb Code    30  ledfunc.o(i.LedBlueLightMode)
    LedBlueLightTimer                        0x08002089   Thumb Code     2  ledfunc.o(i.LedBlueLightTimer)
    LedColorGradualFunc                      0x0800208d   Thumb Code   170  ledfunc.o(i.LedColorGradualFunc)
    LedColorGradualMode                      0x0800213d   Thumb Code    30  ledfunc.o(i.LedColorGradualMode)
    LedColorGradualTimer                     0x08002161   Thumb Code    14  ledfunc.o(i.LedColorGradualTimer)
    LedColorJumpFunc                         0x08002175   Thumb Code    76  ledfunc.o(i.LedColorJumpFunc)
    LedColorJumpMode                         0x080021c9   Thumb Code    36  ledfunc.o(i.LedColorJumpMode)
    LedColorJumpTimer                        0x080021f1   Thumb Code    14  ledfunc.o(i.LedColorJumpTimer)
    LedColorPulseFunc                        0x08002205   Thumb Code   114  ledfunc.o(i.LedColorPulseFunc)
    LedColorPulseMode                        0x08002281   Thumb Code    28  ledfunc.o(i.LedColorPulseMode)
    LedColorPulseTimer                       0x080022a1   Thumb Code    14  ledfunc.o(i.LedColorPulseTimer)
    LedDMX512_4ChanMode                      0x080022b5   Thumb Code   126  ledfunc.o(i.LedDMX512_4ChanMode)
    LedDMX512_4ChanTimer                     0x0800233d   Thumb Code   148  ledfunc.o(i.LedDMX512_4ChanTimer)
    LedDMX512_8ChanMode                      0x080023d5   Thumb Code   260  ledfunc.o(i.LedDMX512_8ChanMode)
    LedDMX512_8ChanTimer                     0x080024e5   Thumb Code   346  ledfunc.o(i.LedDMX512_8ChanTimer)
    LedDimmerProc                            0x08002649   Thumb Code   168  led.o(i.LedDimmerProc)
    LedDriver                                0x080026f5   Thumb Code   112  led.o(i.LedDriver)
    LedGlitterMode                           0x0800277d   Thumb Code    72  ledfunc.o(i.LedGlitterMode)
    LedGlitterTimer                          0x080027c9   Thumb Code    90  ledfunc.o(i.LedGlitterTimer)
    LedGreenLightMode                        0x08002829   Thumb Code    30  ledfunc.o(i.LedGreenLightMode)
    LedGreenLightTimer                       0x0800284d   Thumb Code     2  ledfunc.o(i.LedGreenLightTimer)
    LedOneColorFunc                          0x08002851   Thumb Code    96  ledfunc.o(i.LedOneColorFunc)
    LedOneColorMode                          0x080028b5   Thumb Code    34  ledfunc.o(i.LedOneColorMode)
    LedOneColorTimer                         0x080028dd   Thumb Code     2  ledfunc.o(i.LedOneColorTimer)
    LedRedLightMode                          0x080028e1   Thumb Code    30  ledfunc.o(i.LedRedLightMode)
    LedRedLightTimer                         0x08002905   Thumb Code     2  ledfunc.o(i.LedRedLightTimer)
    LedVoiceControlMode                      0x08002909   Thumb Code    34  ledfunc.o(i.LedVoiceControlMode)
    LedVoiceControlTimer                     0x08002931   Thumb Code   176  ledfunc.o(i.LedVoiceControlTimer)
    MIC_Check                                0x080029f1   Thumb Code    48  ledfunc.o(i.MIC_Check)
    NMI_Handler                              0x08002a29   Thumb Code     2  py32f0xx_it.o(i.NMI_Handler)
    NixieTubeDisplay                         0x08002a2d   Thumb Code    96  nixitetube.o(i.NixieTubeDisplay)
    PendSV_Handler                           0x08002ad1   Thumb Code     2  py32f0xx_it.o(i.PendSV_Handler)
    ReadUserSetData                          0x08002ad5   Thumb Code    26  eeprom.o(i.ReadUserSetData)
    SVC_Handler                              0x08002cbd   Thumb Code     2  py32f0xx_it.o(i.SVC_Handler)
    SysTick_Handler                          0x08002cbf   Thumb Code     8  py32f0xx_it.o(i.SysTick_Handler)
    SystemInit                               0x08002cc9   Thumb Code    30  system_py32f0xx.o(i.SystemInit)
    TIM16_IRQHandler                         0x08002cf5   Thumb Code    66  py32f0xx_it.o(i.TIM16_IRQHandler)
    TIM1_BRK_UP_TRG_COM_IRQHandler           0x08002d41   Thumb Code   206  py32f0xx_it.o(i.TIM1_BRK_UP_TRG_COM_IRQHandler)
    TIM_Base_SetConfig                       0x08002e1d   Thumb Code    76  py32f0xx_hal_tim.o(i.TIM_Base_SetConfig)
    TIM_CCxChannelCmd                        0x08002e71   Thumb Code    26  py32f0xx_hal_tim.o(i.TIM_CCxChannelCmd)
    TIM_OC2_SetConfig                        0x08002ef9   Thumb Code   110  py32f0xx_hal_tim.o(i.TIM_OC2_SetConfig)
    Tim1PwmDutySetChan1                      0x080030b9   Thumb Code    44  bspdriver_timer1.o(i.Tim1PwmDutySetChan1)
    Tim1PwmDutySetChan2                      0x080030e9   Thumb Code    44  bspdriver_timer1.o(i.Tim1PwmDutySetChan2)
    Tim1PwmDutySetChan3                      0x08003119   Thumb Code    44  bspdriver_timer1.o(i.Tim1PwmDutySetChan3)
    Tim1PwmDutySetChan4                      0x08003149   Thumb Code    44  bspdriver_timer1.o(i.Tim1PwmDutySetChan4)
    USART1_IRQHandler                        0x080033dd   Thumb Code   150  py32f0xx_it.o(i.USART1_IRQHandler)
    UserSetInit                              0x08003485   Thumb Code   112  eeprom.o(i.UserSetInit)
    UserTimer100ms                           0x08003509   Thumb Code    20  timer.o(i.UserTimer100ms)
    UserTimer1ms                             0x08003521   Thumb Code    26  timer.o(i.UserTimer1ms)
    UserTimer5ms                             0x08003545   Thumb Code    38  timer.o(i.UserTimer5ms)
    WriteEEPROM                              0x080035bd   Thumb Code    24  eeprom.o(i.WriteEEPROM)
    WriteUserSetDataIntoEEPROM               0x080035d5   Thumb Code    62  eeprom.o(i.WriteUserSetDataIntoEEPROM)
    __ARM_common_switch8                     0x08003621   Thumb Code    26  py32f0xx_hal_rcc.o(i.__ARM_common_switch8)
    __scatterload_copy                       0x08003681   Thumb Code    14  handlers.o(i.__scatterload_copy)
    __scatterload_null                       0x0800368f   Thumb Code     2  handlers.o(i.__scatterload_null)
    __scatterload_zeroinit                   0x08003691   Thumb Code    14  handlers.o(i.__scatterload_zeroinit)
    $Super$$main                             0x080036a1   Thumb Code   104  main.o(i.main)
    AHBPrescTable                            0x08003718   Data          64  system_py32f0xx.o(.constdata)
    HSIFreqTable                             0x08003758   Data          32  system_py32f0xx.o(.constdata)
    APBPrescTable                            0x08003778   Data          32  system_py32f0xx.o(.constdata)
    _FlashTimmingParam                       0x08003798   Data          32  py32f0xx_hal_flash.o(.constdata)
    RGBColorData                             0x080037cc   Data          24  ledfunc.o(.constdata)
    RGBColor                                 0x080037e4   Data           9  ledfunc.o(.constdata)
    Number2                                  0x080037ed   Data          60  nixitetube_driver.o(.constdata)
    Number3                                  0x08003829   Data          60  nixitetube_driver.o(.constdata)
    Number4                                  0x08003865   Data          60  nixitetube_driver.o(.constdata)
    EEPROM_UserSetInit_Data                  0x080038a4   Data          44  eeprom.o(.constdata)
    wTab_R                                   0x080038d0   Data         512  led.o(.constdata)
    wTab_G                                   0x08003ad0   Data         512  led.o(.constdata)
    wTab_B                                   0x08003cd0   Data         512  led.o(.constdata)
    Region$$Table$$Base                      0x08003ed0   Number         0  anon$$obj.o(Region$$Table)
    Region$$Table$$Limit                     0x08003ef0   Number         0  anon$$obj.o(Region$$Table)
    VECT_SRAM_TAB                            0x20000000   Data         192  system_py32f0xx.o(.ARM.__at_0x20000000)
    SystemCoreClock                          0x200000c0   Data           4  system_py32f0xx.o(.data)
    END_FLG_RX                               0x200000c4   Data           1  py32f0xx_it.o(.data)
    Gradual_R                                0x200000c5   Data           1  py32f0xx_it.o(.data)
    Gradual_G                                0x200000c6   Data           1  py32f0xx_it.o(.data)
    Gradual_B                                0x200000c7   Data           1  py32f0xx_it.o(.data)
    USART_DR                                 0x200000ca   Data           1  py32f0xx_it.o(.data)
    RB8                                      0x200000cb   Data           1  py32f0xx_it.o(.data)
    Gradual_Speed                            0x200000cc   Data           2  py32f0xx_it.o(.data)
    Usart_Data                               0x200000d0   Data           2  py32f0xx_it.o(.data)
    uwTickPrio                               0x200000d4   Data           4  py32f0xx_hal.o(.data)
    uwTickFreq                               0x200000d8   Data           4  py32f0xx_hal.o(.data)
    uwTick                                   0x200000dc   Data           4  py32f0xx_hal.o(.data)
    cModeChangeDelay                         0x200000e0   Data           1  ledfunc.o(.data)
    cMode                                    0x200000e1   Data           1  ledfunc.o(.data)
    cNewMode                                 0x200000e2   Data           1  ledfunc.o(.data)
    wDebugValue                              0x200000e4   Data           2  ledfunc.o(.data)
    Key                                      0x200000ea   Data           8  keyfunc.o(.data)
    NixieTube                                0x200000f2   Data           6  nixitetube.o(.data)
    pFlash                                   0x200000fc   Data          24  py32f0xx_hal_flash.o(.bss)
    Timer                                    0x20000114   Data          16  timer.o(.bss)
    LED                                      0x20000124   Data          56  ledfunc.o(.bss)
    key_scan_func                            0x2000015c   Data          14  keyfunc.o(.bss)
    EEPROM_UserSet_Data                      0x2000016c   Data          44  eeprom.o(.bss)
    Driver                                   0x20000198   Data          30  led.o(.bss)
    UartHandle_Uart1                         0x200001b8   Data          68  bspdriver_usart.o(.bss)
    TimHandle_tim16                          0x200001fc   Data          32  bspdriver_timer16.o(.bss)
    TimHandle_Tim1                           0x2000021c   Data          32  bspdriver_timer1.o(.bss)
    sConfig_Tim1                             0x2000023c   Data          28  bspdriver_timer1.o(.bss)
    __initial_sp                             0x20000658   Data           0  startup_py32f002xx.o(STACK)



==============================================================================

Memory Map of the image

  Image Entry point : 0x080000c1

  Load Region LR_IROM1 (Base: 0x08000000, Size: 0x00003fec, Max: 0x00005000, ABSOLUTE)

    Execution Region ER_IROM1 (Exec base: 0x08000000, Load base: 0x08000000, Size: 0x00003ef0, Max: 0x00005000, ABSOLUTE)

    Exec Addr    Load Addr    Size         Type   Attr      Idx    E Section Name        Object

    0x08000000   0x08000000   0x000000c0   Data   RO          122    RESET               startup_py32f002xx.o
    0x080000c0   0x080000c0   0x00000000   Code   RO         3278  * .ARM.Collect$$$$00000000  mc_p.l(entry.o)
    0x080000c0   0x080000c0   0x00000004   Code   RO         3297    .ARM.Collect$$$$00000001  mc_p.l(entry2.o)
    0x080000c4   0x080000c4   0x00000004   Code   RO         3300    .ARM.Collect$$$$00000004  mc_p.l(entry5.o)
    0x080000c8   0x080000c8   0x00000000   Code   RO         3302    .ARM.Collect$$$$00000008  mc_p.l(entry7b.o)
    0x080000c8   0x080000c8   0x00000000   Code   RO         3304    .ARM.Collect$$$$0000000A  mc_p.l(entry8b.o)
    0x080000c8   0x080000c8   0x00000008   Code   RO         3305    .ARM.Collect$$$$0000000B  mc_p.l(entry9a.o)
    0x080000d0   0x080000d0   0x00000004   Code   RO         3312    .ARM.Collect$$$$0000000E  mc_p.l(entry12b.o)
    0x080000d4   0x080000d4   0x00000000   Code   RO         3307    .ARM.Collect$$$$0000000F  mc_p.l(entry10a.o)
    0x080000d4   0x080000d4   0x00000000   Code   RO         3309    .ARM.Collect$$$$00000011  mc_p.l(entry11a.o)
    0x080000d4   0x080000d4   0x00000004   Code   RO         3298    .ARM.Collect$$$$00002712  mc_p.l(entry2.o)
    0x080000d8   0x080000d8   0x0000001c   Code   RO          123    .text               startup_py32f002xx.o
    0x080000f4   0x080000f4   0x0000002c   Code   RO         3281    .text               mc_p.l(uidiv.o)
    0x08000120   0x08000120   0x00000024   Code   RO         3283    .text               mc_p.l(memcpya.o)
    0x08000144   0x08000144   0x00000024   Code   RO         3285    .text               mc_p.l(memseta.o)
    0x08000168   0x08000168   0x0000007a   Code   RO         3289    .text               mf_p.l(fmul.o)
    0x080001e2   0x080001e2   0x0000007c   Code   RO         3291    .text               mf_p.l(fdiv.o)
    0x0800025e   0x0800025e   0x0000000e   Code   RO         3293    .text               mf_p.l(ffltui.o)
    0x0800026c   0x0800026c   0x00000028   Code   RO         3295    .text               mf_p.l(ffixui.o)
    0x08000294   0x08000294   0x00000000   Code   RO         3313    .text               mc_p.l(iusefp.o)
    0x08000294   0x08000294   0x00000082   Code   RO         3314    .text               mf_p.l(fepilogue.o)
    0x08000316   0x08000316   0x00000002   PAD
    0x08000318   0x08000318   0x00000024   Code   RO         3316    .text               mc_p.l(init.o)
    0x0800033c   0x0800033c   0x00000030   Code   RO            3    i.$Sub$$main        system_py32f0xx.o
    0x0800036c   0x0800036c   0x0000002c   Code   RO         2976    i.APP_FlashErase    eeprom.o
    0x08000398   0x08000398   0x00000028   Code   RO         2977    i.APP_FlashProgram  eeprom.o
    0x080003c0   0x080003c0   0x00000154   Code   RO         3068    i.APP_GPIOConfig    bspdriver_gpio.o
    0x08000514   0x08000514   0x00000068   Code   RO         3137    i.APP_SystemClockConfig  bspdriver_sysclk.o
    0x0800057c   0x0800057c   0x00000058   Code   RO         3163    i.APP_TIM16Config   bspdriver_timer16.o
    0x080005d4   0x080005d4   0x00000070   Code   RO         3189    i.APP_TIM1_GPIO     bspdriver_timer1.o
    0x08000644   0x08000644   0x00000048   Code   RO         3190    i.APP_TIM1_INIT     bspdriver_timer1.o
    0x0800068c   0x0800068c   0x00000044   Code   RO         3191    i.APP_TIM1_PWM      bspdriver_timer1.o
    0x080006d0   0x080006d0   0x00000010   Code   RO         3192    i.APP_TIM1_PWM_Config  bspdriver_timer1.o
    0x080006e0   0x080006e0   0x000000a8   Code   RO         3111    i.APP_USART1Config  bspdriver_usart.o
    0x08000788   0x08000788   0x00000034   Code   RO         2754    i.BlueLightModeDisplay  nixitetube.o
    0x080007bc   0x080007bc   0x00000010   Code   RO         2755    i.CleanAllDisplay   nixitetube.o
    0x080007cc   0x080007cc   0x00000048   Code   RO         2756    i.ColorGradualModeDisplay  nixitetube.o
    0x08000814   0x08000814   0x00000044   Code   RO         2757    i.ColorJumpModeDisplay  nixitetube.o
    0x08000858   0x08000858   0x00000048   Code   RO         2758    i.ColorPulseModeDisplay  nixitetube.o
    0x080008a0   0x080008a0   0x00000044   Code   RO         2445    i.DMX512ModeSelect  ledfunc.o
    0x080008e4   0x080008e4   0x00000038   Code   RO         2759    i.DMX512_4ChanModeDisplay  nixitetube.o
    0x0800091c   0x0800091c   0x0000003c   Code   RO         2760    i.DMX512_8ChanModeDisplay  nixitetube.o
    0x08000958   0x08000958   0x00000002   Code   RO         3138    i.Error_Handler     bspdriver_sysclk.o
    0x0800095a   0x0800095a   0x00000002   PAD
    0x0800095c   0x0800095c   0x00000024   Code   RO          814    i.FLASH_MassErase   py32f0xx_hal_flash.o
    0x08000980   0x08000980   0x00000020   Code   RO          818    i.FLASH_PageErase   py32f0xx_hal_flash.o
    0x080009a0   0x080009a0   0x0000003c   Code   RO          819    i.FLASH_Program_Page  py32f0xx_hal_flash.o
    0x080009dc   0x080009dc   0x00000014   Code   RO          820    i.FLASH_SectorErase  py32f0xx_hal_flash.o
    0x080009f0   0x080009f0   0x00000034   Code   RO          821    i.FLASH_WaitForLastOperation  py32f0xx_hal_flash.o
    0x08000a24   0x08000a24   0x00000044   Code   RO         2761    i.GlitterModeDisplay  nixitetube.o
    0x08000a68   0x08000a68   0x00000034   Code   RO         2762    i.GreenLightModeDisplay  nixitetube.o
    0x08000a9c   0x08000a9c   0x00000024   Code   RO          340    i.HAL_Delay         py32f0xx_hal.o
    0x08000ac0   0x08000ac0   0x000001a8   Code   RO          823    i.HAL_FLASH_Erase   py32f0xx_hal_flash.o
    0x08000c68   0x08000c68   0x0000001c   Code   RO          827    i.HAL_FLASH_Lock    py32f0xx_hal_flash.o
    0x08000c84   0x08000c84   0x0000010c   Code   RO          837    i.HAL_FLASH_Program  py32f0xx_hal_flash.o
    0x08000d90   0x08000d90   0x00000028   Code   RO          839    i.HAL_FLASH_Unlock  py32f0xx_hal_flash.o
    0x08000db8   0x08000db8   0x00000114   Code   RO          990    i.HAL_GPIO_Init     py32f0xx_hal_gpio.o
    0x08000ecc   0x08000ecc   0x0000000c   Code   RO          344    i.HAL_GetTick       py32f0xx_hal.o
    0x08000ed8   0x08000ed8   0x00000010   Code   RO          350    i.HAL_IncTick       py32f0xx_hal.o
    0x08000ee8   0x08000ee8   0x0000001a   Code   RO          351    i.HAL_Init          py32f0xx_hal.o
    0x08000f02   0x08000f02   0x00000002   PAD
    0x08000f04   0x08000f04   0x00000050   Code   RO          352    i.HAL_InitTick      py32f0xx_hal.o
    0x08000f54   0x08000f54   0x00000002   Code   RO          212    i.HAL_MspInit       py32f0xx_hal_msp.o
    0x08000f56   0x08000f56   0x00000002   PAD
    0x08000f58   0x08000f58   0x00000018   Code   RO          680    i.HAL_NVIC_EnableIRQ  py32f0xx_hal_cortex.o
    0x08000f70   0x08000f70   0x00000008   Code   RO          684    i.HAL_NVIC_SetPriority  py32f0xx_hal_cortex.o
    0x08000f78   0x08000f78   0x00000158   Code   RO         1215    i.HAL_RCC_ClockConfig  py32f0xx_hal_rcc.o
    0x080010d0   0x080010d0   0x0000000c   Code   RO         1219    i.HAL_RCC_GetHCLKFreq  py32f0xx_hal_rcc.o
    0x080010dc   0x080010dc   0x00000024   Code   RO         1221    i.HAL_RCC_GetPCLK1Freq  py32f0xx_hal_rcc.o
    0x08001100   0x08001100   0x0000006c   Code   RO         1222    i.HAL_RCC_GetSysClockFreq  py32f0xx_hal_rcc.o
    0x0800116c   0x0800116c   0x00000238   Code   RO         1225    i.HAL_RCC_OscConfig  py32f0xx_hal_rcc.o
    0x080013a4   0x080013a4   0x00000030   Code   RO          688    i.HAL_SYSTICK_Config  py32f0xx_hal_cortex.o
    0x080013d4   0x080013d4   0x00000002   Code   RO         1939    i.HAL_TIMEx_BreakCallback  py32f0xx_hal_tim_ex.o
    0x080013d6   0x080013d6   0x00000002   Code   RO         1940    i.HAL_TIMEx_CommutCallback  py32f0xx_hal_tim_ex.o
    0x080013d8   0x080013d8   0x00000032   Code   RO         1391    i.HAL_TIM_Base_Init  py32f0xx_hal_tim.o
    0x0800140a   0x0800140a   0x00000014   Code   RO          213    i.HAL_TIM_Base_MspInit  py32f0xx_hal_msp.o
    0x0800141e   0x0800141e   0x00000020   Code   RO         1395    i.HAL_TIM_Base_Start_IT  py32f0xx_hal_tim.o
    0x0800143e   0x0800143e   0x00000002   Code   RO         1412    i.HAL_TIM_IC_CaptureCallback  py32f0xx_hal_tim.o
    0x08001440   0x08001440   0x0000016a   Code   RO         1424    i.HAL_TIM_IRQHandler  py32f0xx_hal_tim.o
    0x080015aa   0x080015aa   0x00000002   Code   RO         1427    i.HAL_TIM_OC_DelayElapsedCallback  py32f0xx_hal_tim.o
    0x080015ac   0x080015ac   0x000000d6   Code   RO         1446    i.HAL_TIM_PWM_ConfigChannel  py32f0xx_hal_tim.o
    0x08001682   0x08001682   0x00000002   Code   RO         1452    i.HAL_TIM_PWM_PulseFinishedCallback  py32f0xx_hal_tim.o
    0x08001684   0x08001684   0x00000044   Code   RO         1454    i.HAL_TIM_PWM_Start  py32f0xx_hal_tim.o
    0x080016c8   0x080016c8   0x00000002   Code   RO         1458    i.HAL_TIM_PeriodElapsedCallback  py32f0xx_hal_tim.o
    0x080016ca   0x080016ca   0x00000002   Code   RO         1463    i.HAL_TIM_TriggerCallback  py32f0xx_hal_tim.o
    0x080016cc   0x080016cc   0x00000032   Code   RO         2141    i.HAL_UART_DeInit   py32f0xx_hal_uart.o
    0x080016fe   0x080016fe   0x00000002   Code   RO         2142    i.HAL_UART_ErrorCallback  py32f0xx_hal_uart.o
    0x08001700   0x08001700   0x000000de   Code   RO         2145    i.HAL_UART_IRQHandler  py32f0xx_hal_uart.o
    0x080017de   0x080017de   0x00000002   Code   RO         2146    i.HAL_UART_IdleFrameDetectCpltCallback  py32f0xx_hal_uart.o
    0x080017e0   0x080017e0   0x0000006e   Code   RO         2147    i.HAL_UART_Init     py32f0xx_hal_uart.o
    0x0800184e   0x0800184e   0x00000002   Code   RO         2148    i.HAL_UART_MspDeInit  py32f0xx_hal_uart.o
    0x08001850   0x08001850   0x00000014   Code   RO          214    i.HAL_UART_MspInit  py32f0xx_hal_msp.o
    0x08001864   0x08001864   0x00000002   Code   RO         2152    i.HAL_UART_RxCpltCallback  py32f0xx_hal_uart.o
    0x08001866   0x08001866   0x00000002   Code   RO         2157    i.HAL_UART_TxCpltCallback  py32f0xx_hal_uart.o
    0x08001868   0x08001868   0x00000002   Code   RO          244    i.HardFault_Handler  py32f0xx_it.o
    0x0800186a   0x0800186a   0x00000002   PAD
    0x0800186c   0x0800186c   0x00000014   Code   RO         2863    i.KEY1_GPIO_StateGet  nixitetube_driver.o
    0x08001880   0x08001880   0x00000010   Code   RO         2864    i.KEY2_GPIO_StateGet  nixitetube_driver.o
    0x08001890   0x08001890   0x00000014   Code   RO         2865    i.KEY3_GPIO_StateGet  nixitetube_driver.o
    0x080018a4   0x080018a4   0x00000014   Code   RO         2866    i.KEY4_GPIO_StateGet  nixitetube_driver.o
    0x080018b8   0x080018b8   0x0000008c   Code   RO         2867    i.KEY_GPIO_IntputPullUp  nixitetube_driver.o
    0x08001944   0x08001944   0x000000d4   Code   RO         2709    i.KeyDownFunc       keyfunc.o
    0x08001a18   0x08001a18   0x00000098   Code   RO         2710    i.KeyFunc           keyfunc.o
    0x08001ab0   0x08001ab0   0x000000d0   Code   RO         2711    i.KeyPlusFunc       keyfunc.o
    0x08001b80   0x08001b80   0x00000108   Code   RO         2712    i.KeyScan           keyfunc.o
    0x08001c88   0x08001c88   0x0000006c   Code   RO         2446    i.LED_FunctionMode  ledfunc.o
    0x08001cf4   0x08001cf4   0x00000060   Code   RO         2447    i.LED_FunctionTimer  ledfunc.o
    0x08001d54   0x08001d54   0x00000284   Code   RO         2868    i.LED_Scan          nixitetube_driver.o
    0x08001fd8   0x08001fd8   0x0000000e   Code   RO         2869    i.LL_GPIO_IsInputPinSet  nixitetube_driver.o
    0x08001fe6   0x08001fe6   0x00000014   Code   RO         2870    i.LL_GPIO_SetPinMode  nixitetube_driver.o
    0x08001ffa   0x08001ffa   0x00000014   Code   RO         3069    i.LL_GPIO_SetPinMode  bspdriver_gpio.o
    0x0800200e   0x0800200e   0x0000000c   Code   RO         2871    i.LL_GPIO_SetPinOutputType  nixitetube_driver.o
    0x0800201a   0x0800201a   0x0000000c   Code   RO         3070    i.LL_GPIO_SetPinOutputType  bspdriver_gpio.o
    0x08002026   0x08002026   0x00000014   Code   RO         2872    i.LL_GPIO_SetPinPull  nixitetube_driver.o
    0x0800203a   0x0800203a   0x00000014   Code   RO         3071    i.LL_GPIO_SetPinPull  bspdriver_gpio.o
    0x0800204e   0x0800204e   0x00000014   Code   RO         3072    i.LL_GPIO_SetPinSpeed  bspdriver_gpio.o
    0x08002062   0x08002062   0x00000002   PAD
    0x08002064   0x08002064   0x00000024   Code   RO         2448    i.LedBlueLightMode  ledfunc.o
    0x08002088   0x08002088   0x00000002   Code   RO         2449    i.LedBlueLightTimer  ledfunc.o
    0x0800208a   0x0800208a   0x00000002   PAD
    0x0800208c   0x0800208c   0x000000b0   Code   RO         2450    i.LedColorGradualFunc  ledfunc.o
    0x0800213c   0x0800213c   0x00000024   Code   RO         2451    i.LedColorGradualMode  ledfunc.o
    0x08002160   0x08002160   0x00000014   Code   RO         2452    i.LedColorGradualTimer  ledfunc.o
    0x08002174   0x08002174   0x00000054   Code   RO         2453    i.LedColorJumpFunc  ledfunc.o
    0x080021c8   0x080021c8   0x00000028   Code   RO         2454    i.LedColorJumpMode  ledfunc.o
    0x080021f0   0x080021f0   0x00000014   Code   RO         2455    i.LedColorJumpTimer  ledfunc.o
    0x08002204   0x08002204   0x0000007c   Code   RO         2456    i.LedColorPulseFunc  ledfunc.o
    0x08002280   0x08002280   0x00000020   Code   RO         2457    i.LedColorPulseMode  ledfunc.o
    0x080022a0   0x080022a0   0x00000014   Code   RO         2458    i.LedColorPulseTimer  ledfunc.o
    0x080022b4   0x080022b4   0x00000088   Code   RO         2459    i.LedDMX512_4ChanMode  ledfunc.o
    0x0800233c   0x0800233c   0x00000098   Code   RO         2460    i.LedDMX512_4ChanTimer  ledfunc.o
    0x080023d4   0x080023d4   0x00000110   Code   RO         2461    i.LedDMX512_8ChanMode  ledfunc.o
    0x080024e4   0x080024e4   0x00000164   Code   RO         2462    i.LedDMX512_8ChanTimer  ledfunc.o
    0x08002648   0x08002648   0x000000ac   Code   RO         3028    i.LedDimmerProc     led.o
    0x080026f4   0x080026f4   0x00000088   Code   RO         3029    i.LedDriver         led.o
    0x0800277c   0x0800277c   0x0000004c   Code   RO         2463    i.LedGlitterMode    ledfunc.o
    0x080027c8   0x080027c8   0x00000060   Code   RO         2464    i.LedGlitterTimer   ledfunc.o
    0x08002828   0x08002828   0x00000024   Code   RO         2465    i.LedGreenLightMode  ledfunc.o
    0x0800284c   0x0800284c   0x00000002   Code   RO         2466    i.LedGreenLightTimer  ledfunc.o
    0x0800284e   0x0800284e   0x00000002   PAD
    0x08002850   0x08002850   0x00000064   Code   RO         2467    i.LedOneColorFunc   ledfunc.o
    0x080028b4   0x080028b4   0x00000028   Code   RO         2468    i.LedOneColorMode   ledfunc.o
    0x080028dc   0x080028dc   0x00000002   Code   RO         2469    i.LedOneColorTimer  ledfunc.o
    0x080028de   0x080028de   0x00000002   PAD
    0x080028e0   0x080028e0   0x00000024   Code   RO         2470    i.LedRedLightMode   ledfunc.o
    0x08002904   0x08002904   0x00000002   Code   RO         2471    i.LedRedLightTimer  ledfunc.o
    0x08002906   0x08002906   0x00000002   PAD
    0x08002908   0x08002908   0x00000028   Code   RO         2472    i.LedVoiceControlMode  ledfunc.o
    0x08002930   0x08002930   0x000000c0   Code   RO         2473    i.LedVoiceControlTimer  ledfunc.o
    0x080029f0   0x080029f0   0x00000038   Code   RO         2474    i.MIC_Check         ledfunc.o
    0x08002a28   0x08002a28   0x00000002   Code   RO          245    i.NMI_Handler       py32f0xx_it.o
    0x08002a2a   0x08002a2a   0x00000002   PAD
    0x08002a2c   0x08002a2c   0x00000064   Code   RO         2763    i.NixieTubeDisplay  nixitetube.o
    0x08002a90   0x08002a90   0x00000040   Code   RO         2764    i.OneColorModeDisplay  nixitetube.o
    0x08002ad0   0x08002ad0   0x00000002   Code   RO          246    i.PendSV_Handler    py32f0xx_it.o
    0x08002ad2   0x08002ad2   0x00000002   PAD
    0x08002ad4   0x08002ad4   0x00000024   Code   RO         2978    i.ReadUserSetData   eeprom.o
    0x08002af8   0x08002af8   0x00000024   Code   RO         2765    i.RedLightModeDisplay  nixitetube.o
    0x08002b1c   0x08002b1c   0x00000030   Code   RO         2873    i.SEG1_GPIO_CofigOutput  nixitetube_driver.o
    0x08002b4c   0x08002b4c   0x00000030   Code   RO         2874    i.SEG2_GPIO_CofigOutput  nixitetube_driver.o
    0x08002b7c   0x08002b7c   0x0000002c   Code   RO         2875    i.SEG3_GPIO_CofigOutput  nixitetube_driver.o
    0x08002ba8   0x08002ba8   0x00000030   Code   RO         2876    i.SEG4_GPIO_CofigOutput  nixitetube_driver.o
    0x08002bd8   0x08002bd8   0x0000002c   Code   RO         2877    i.SEG5_GPIO_CofigOutput  nixitetube_driver.o
    0x08002c04   0x08002c04   0x0000002c   Code   RO         2878    i.SEG6_GPIO_CofigOutput  nixitetube_driver.o
    0x08002c30   0x08002c30   0x0000008c   Code   RO         2879    i.SEG_GPIO_CofigFloat  nixitetube_driver.o
    0x08002cbc   0x08002cbc   0x00000002   Code   RO          247    i.SVC_Handler       py32f0xx_it.o
    0x08002cbe   0x08002cbe   0x00000008   Code   RO          248    i.SysTick_Handler   py32f0xx_it.o
    0x08002cc6   0x08002cc6   0x00000002   PAD
    0x08002cc8   0x08002cc8   0x0000002c   Code   RO            5    i.SystemInit        system_py32f0xx.o
    0x08002cf4   0x08002cf4   0x0000004c   Code   RO          249    i.TIM16_IRQHandler  py32f0xx_it.o
    0x08002d40   0x08002d40   0x000000dc   Code   RO          250    i.TIM1_BRK_UP_TRG_COM_IRQHandler  py32f0xx_it.o
    0x08002e1c   0x08002e1c   0x00000054   Code   RO         1465    i.TIM_Base_SetConfig  py32f0xx_hal_tim.o
    0x08002e70   0x08002e70   0x0000001a   Code   RO         1466    i.TIM_CCxChannelCmd  py32f0xx_hal_tim.o
    0x08002e8a   0x08002e8a   0x00000002   PAD
    0x08002e8c   0x08002e8c   0x0000006c   Code   RO         1469    i.TIM_OC1_SetConfig  py32f0xx_hal_tim.o
    0x08002ef8   0x08002ef8   0x00000078   Code   RO         1470    i.TIM_OC2_SetConfig  py32f0xx_hal_tim.o
    0x08002f70   0x08002f70   0x00000074   Code   RO         1471    i.TIM_OC3_SetConfig  py32f0xx_hal_tim.o
    0x08002fe4   0x08002fe4   0x0000005c   Code   RO         1472    i.TIM_OC4_SetConfig  py32f0xx_hal_tim.o
    0x08003040   0x08003040   0x00000078   Code   RO         2766    i.ThreeNumbersDisplay  nixitetube.o
    0x080030b8   0x080030b8   0x00000030   Code   RO         3193    i.Tim1PwmDutySetChan1  bspdriver_timer1.o
    0x080030e8   0x080030e8   0x00000030   Code   RO         3194    i.Tim1PwmDutySetChan2  bspdriver_timer1.o
    0x08003118   0x08003118   0x00000030   Code   RO         3195    i.Tim1PwmDutySetChan3  bspdriver_timer1.o
    0x08003148   0x08003148   0x00000030   Code   RO         3196    i.Tim1PwmDutySetChan4  bspdriver_timer1.o
    0x08003178   0x08003178   0x00000050   Code   RO         2767    i.TwoNumbersDisplay  nixitetube.o
    0x080031c8   0x080031c8   0x00000030   Code   RO         2159    i.UART_AdvFeatureConfig  py32f0xx_hal_uart.o
    0x080031f8   0x080031f8   0x0000001e   Code   RO         2160    i.UART_EndRxTransfer  py32f0xx_hal_uart.o
    0x08003216   0x08003216   0x0000001a   Code   RO         2161    i.UART_EndTransmit_IT  py32f0xx_hal_uart.o
    0x08003230   0x08003230   0x0000007a   Code   RO         2162    i.UART_Receive_IT   py32f0xx_hal_uart.o
    0x080032aa   0x080032aa   0x00000002   PAD
    0x080032ac   0x080032ac   0x000000cc   Code   RO         2163    i.UART_SetConfig    py32f0xx_hal_uart.o
    0x08003378   0x08003378   0x00000064   Code   RO         2164    i.UART_Transmit_IT  py32f0xx_hal_uart.o
    0x080033dc   0x080033dc   0x000000a8   Code   RO          251    i.USART1_IRQHandler  py32f0xx_it.o
    0x08003484   0x08003484   0x00000084   Code   RO         2979    i.UserSetInit       eeprom.o
    0x08003508   0x08003508   0x00000018   Code   RO         2401    i.UserTimer100ms    timer.o
    0x08003520   0x08003520   0x00000024   Code   RO         2402    i.UserTimer1ms      timer.o
    0x08003544   0x08003544   0x00000030   Code   RO         2404    i.UserTimer5ms      timer.o
    0x08003574   0x08003574   0x00000048   Code   RO         2768    i.VoiceControlModeDisplay  nixitetube.o
    0x080035bc   0x080035bc   0x00000018   Code   RO         2980    i.WriteEEPROM       eeprom.o
    0x080035d4   0x080035d4   0x0000004c   Code   RO         2981    i.WriteUserSetDataIntoEEPROM  eeprom.o
    0x08003620   0x08003620   0x0000001a   Code   RO         1296    i.__ARM_common_switch8  py32f0xx_hal_rcc.o
    0x0800363a   0x0800363a   0x00000002   PAD
    0x0800363c   0x0800363c   0x00000044   Code   RO          690    i.__NVIC_SetPriority  py32f0xx_hal_cortex.o
    0x08003680   0x08003680   0x0000000e   Code   RO         3320    i.__scatterload_copy  mc_p.l(handlers.o)
    0x0800368e   0x0800368e   0x00000002   Code   RO         3321    i.__scatterload_null  mc_p.l(handlers.o)
    0x08003690   0x08003690   0x0000000e   Code   RO         3322    i.__scatterload_zeroinit  mc_p.l(handlers.o)
    0x0800369e   0x0800369e   0x00000002   PAD
    0x080036a0   0x080036a0   0x00000078   Code   RO          129    i.main              main.o
    0x08003718   0x08003718   0x00000060   Data   RO            7    .constdata          system_py32f0xx.o
    0x08003778   0x08003778   0x00000020   Data   RO            8    .constdata          system_py32f0xx.o
    0x08003798   0x08003798   0x00000020   Data   RO          841    .constdata          py32f0xx_hal_flash.o
    0x080037b8   0x080037b8   0x00000014   Data   RO         1226    .constdata          py32f0xx_hal_rcc.o
    0x080037cc   0x080037cc   0x00000021   Data   RO         2476    .constdata          ledfunc.o
    0x080037ed   0x080037ed   0x0000003c   Data   RO         2881    .constdata          nixitetube_driver.o
    0x08003829   0x08003829   0x0000003c   Data   RO         2882    .constdata          nixitetube_driver.o
    0x08003865   0x08003865   0x0000003c   Data   RO         2883    .constdata          nixitetube_driver.o
    0x080038a1   0x080038a1   0x00000003   PAD
    0x080038a4   0x080038a4   0x0000002c   Data   RO         2983    .constdata          eeprom.o
    0x080038d0   0x080038d0   0x00000600   Data   RO         3031    .constdata          led.o
    0x08003ed0   0x08003ed0   0x00000020   Data   RO         3318    Region$$Table       anon$$obj.o


    Execution Region RW_IRAM1 (Exec base: 0x20000000, Load base: 0x08003ef0, Size: 0x00000658, Max: 0x00000c00, ABSOLUTE)

    Exec Addr    Load Addr    Size         Type   Attr      Idx    E Section Name        Object

    0x20000000   0x08003ef0   0x000000c0   Data   RW            6    .ARM.__at_0x20000000  system_py32f0xx.o
    0x200000c0   0x08003fb0   0x00000004   Data   RW            9    .data               system_py32f0xx.o
    0x200000c4   0x08003fb4   0x0000000e   Data   RW          256    .data               py32f0xx_it.o
    0x200000d2   0x08003fc2   0x00000002   PAD
    0x200000d4   0x08003fc4   0x0000000c   Data   RW          358    .data               py32f0xx_hal.o
    0x200000e0   0x08003fd0   0x00000006   Data   RW         2477    .data               ledfunc.o
    0x200000e6   0x08003fd6   0x0000000c   Data   RW         2714    .data               keyfunc.o
    0x200000f2   0x08003fe2   0x00000006   Data   RW         2769    .data               nixitetube.o
    0x200000f8   0x08003fe8   0x00000001   Data   RW         2884    .data               nixitetube_driver.o
    0x200000f9   0x08003fe9   0x00000003   PAD
    0x200000fc        -       0x00000018   Zero   RW          840    .bss                py32f0xx_hal_flash.o
    0x20000114        -       0x00000010   Zero   RW         2405    .bss                timer.o
    0x20000124        -       0x00000038   Zero   RW         2475    .bss                ledfunc.o
    0x2000015c        -       0x0000000e   Zero   RW         2713    .bss                keyfunc.o
    0x2000016a   0x08003fe9   0x00000002   PAD
    0x2000016c        -       0x0000002c   Zero   RW         2982    .bss                eeprom.o
    0x20000198        -       0x0000001e   Zero   RW         3030    .bss                led.o
    0x200001b6   0x08003fe9   0x00000002   PAD
    0x200001b8        -       0x00000044   Zero   RW         3112    .bss                bspdriver_usart.o
    0x200001fc        -       0x00000020   Zero   RW         3164    .bss                bspdriver_timer16.o
    0x2000021c        -       0x0000003c   Zero   RW         3197    .bss                bspdriver_timer1.o
    0x20000258        -       0x00000400   Zero   RW          120    STACK               startup_py32f002xx.o


==============================================================================

Image component sizes


      Code (inc. data)   RO Data    RW Data    ZI Data      Debug   Object Name

       412         14          0          0          0       8653   bspdriver_gpio.o
       106          6          0          0          0       1072   bspdriver_sysclk.o
       460         46          0          0         60       5192   bspdriver_timer1.o
        88         16          0          0         32       1136   bspdriver_timer16.o
       168         22          0          0         68       1266   bspdriver_usart.o
       352         54         44          0         44       3765   eeprom.o
       836         72          0         12         14       4300   keyfunc.o
       308         28       1536          0         30       2806   led.o
      2456        226         33          6         56      23850   ledfunc.o
       120         16          0          0          0        483   main.o
       988        152          0          6          0       7508   nixitetube.o
      1342         70        180          1          0      16477   nixitetube_driver.o
       170         22          0         12          0       3741   py32f0xx_hal.o
       148         24          0          0          0      10693   py32f0xx_hal_cortex.o
       960        102         32          0         24      19071   py32f0xx_hal_flash.o
       276          8          0          0          0       1636   py32f0xx_hal_gpio.o
        42          0          0          0          0       1688   py32f0xx_hal_msp.o
      1094         70         20          0          0       5253   py32f0xx_hal_rcc.o
      1282         50          0          0          0      11431   py32f0xx_hal_tim.o
         4          0          0          0          0       1469   py32f0xx_hal_tim_ex.o
       922          6          0          0          0       9057   py32f0xx_hal_uart.o
       480         42          0         14          0      25379   py32f0xx_it.o
        28          8        192          0       1024        596   startup_py32f002xx.o
        92         22        128        196          0     208400   system_py32f0xx.o
       108         24          0          0         16       2047   timer.o

    ----------------------------------------------------------------------
     13272       1100       2200        252       1372     376969   Object Totals
         0          0         32          0          0          0   (incl. Generated)
        30          0          3          5          4          0   (incl. Padding)

    ----------------------------------------------------------------------

      Code (inc. data)   RO Data    RW Data    ZI Data      Debug   Library Member Name

         0          0          0          0          0          0   entry.o
         0          0          0          0          0          0   entry10a.o
         0          0          0          0          0          0   entry11a.o
         4          0          0          0          0          0   entry12b.o
         8          4          0          0          0          0   entry2.o
         4          0          0          0          0          0   entry5.o
         0          0          0          0          0          0   entry7b.o
         0          0          0          0          0          0   entry8b.o
         8          4          0          0          0          0   entry9a.o
        30          0          0          0          0          0   handlers.o
        36          8          0          0          0         68   init.o
         0          0          0          0          0          0   iusefp.o
        36          0          0          0          0         60   memcpya.o
        36          0          0          0          0        100   memseta.o
        44          0          0          0          0         72   uidiv.o
       124          0          0          0          0         72   fdiv.o
       130          0          0          0          0        144   fepilogue.o
        40          0          0          0          0         60   ffixui.o
        14          0          0          0          0         68   ffltui.o
       122          0          0          0          0         72   fmul.o

    ----------------------------------------------------------------------
       640         16          0          0          0        716   Library Totals
         4          0          0          0          0          0   (incl. Padding)

    ----------------------------------------------------------------------

      Code (inc. data)   RO Data    RW Data    ZI Data      Debug   Library Name

       206         16          0          0          0        300   mc_p.l
       430          0          0          0          0        416   mf_p.l

    ----------------------------------------------------------------------
       640         16          0          0          0        716   Library Totals

    ----------------------------------------------------------------------

==============================================================================


      Code (inc. data)   RO Data    RW Data    ZI Data      Debug   

     13912       1116       2200        252       1372     370533   Grand Totals
     13912       1116       2200        252       1372     370533   ELF Image Totals
     13912       1116       2200        252          0          0   ROM Totals

==============================================================================

    Total RO  Size (Code + RO Data)                16112 (  15.73kB)
    Total RW  Size (RW Data + ZI Data)              1624 (   1.59kB)
    Total ROM Size (Code + RO Data + RW Data)      16364 (  15.98kB)

==============================================================================

